[Thu Oct 03 00:22:08.641170 2024] [php:error] [pid 353013:tid 353013] [client 162.158.38.229:58208] script '/var/www/greeniesnowie/mfi.php' not found or unable to stat
[Thu Oct 03 00:22:09.031714 2024] [php:error] [pid 356262:tid 356262] [client 162.158.38.229:58212] script '/var/www/greeniesnowie/ndex.php' not found or unable to stat
[Thu Oct 03 00:22:10.051379 2024] [php:error] [pid 356262:tid 356262] [client 162.158.38.229:58212] script '/var/www/greeniesnowie/byp.php' not found or unable to stat
[Thu Oct 03 00:22:11.313284 2024] [php:error] [pid 353018:tid 353018] [client 162.158.38.228:64860] script '/var/www/greeniesnowie/ws.php.php' not found or unable to stat
[Thu Oct 03 00:22:11.638331 2024] [php:error] [pid 356262:tid 356262] [client 162.158.38.229:58212] script '/var/www/greeniesnowie/rorykqqh.php' not found or unable to stat
[Thu Oct 03 00:22:11.771735 2024] [php:error] [pid 356262:tid 356262] [client 162.158.38.229:58212] script '/var/www/greeniesnowie/864axcqt.php' not found or unable to stat
[Thu Oct 03 00:22:12.447760 2024] [php:error] [pid 356262:tid 356262] [client 162.158.38.229:58212] script '/var/www/greeniesnowie/nowp.php' not found or unable to stat
[Thu Oct 03 00:22:12.570197 2024] [php:error] [pid 353018:tid 353018] [client 162.158.38.228:64860] script '/var/www/greeniesnowie/assets/expect.php' not found or unable to stat
[Thu Oct 03 03:58:01.291522 2024] [php:warn] [pid 353010:tid 353010] [client 172.68.238.117:53258] PHP Warning:  Undefined array key "cf-turnstile-response" in /var/www/greeniesnowie/actions/send-mail.php on line 9, referer: https://greeniesnowie.com/
[Thu Oct 03 09:19:54.960885 2024] [php:error] [pid 356262:tid 356262] [client 162.158.49.77:40628] script '/var/www/greeniesnowie/edit.php' not found or unable to stat
[Thu Oct 03 09:19:55.690127 2024] [php:error] [pid 356262:tid 356262] [client 162.158.49.77:40628] script '/var/www/greeniesnowie/wp-signup.php' not found or unable to stat
[Thu Oct 03 09:19:55.937812 2024] [php:error] [pid 353018:tid 353018] [client 162.158.49.76:34346] script '/var/www/greeniesnowie/as.php' not found or unable to stat
[Thu Oct 03 09:19:58.130159 2024] [php:error] [pid 353018:tid 353018] [client 162.158.49.76:34346] script '/var/www/greeniesnowie/cndyavay.php' not found or unable to stat
[Thu Oct 03 09:19:58.274785 2024] [php:error] [pid 353018:tid 353018] [client 162.158.49.76:34346] script '/var/www/greeniesnowie/classwithtostring.php' not found or unable to stat
[Thu Oct 03 09:19:59.411879 2024] [php:error] [pid 353018:tid 353018] [client 162.158.49.76:34346] script '/var/www/greeniesnowie/wp-cron.php' not found or unable to stat
[Thu Oct 03 09:19:59.811610 2024] [php:error] [pid 353018:tid 353018] [client 162.158.49.76:34346] script '/var/www/greeniesnowie/wp-header.php' not found or unable to stat
[Thu Oct 03 09:19:59.947646 2024] [php:error] [pid 356262:tid 356262] [client 162.158.49.77:40628] script '/var/www/greeniesnowie/phocsqfz.php' not found or unable to stat
[Thu Oct 03 09:20:00.507658 2024] [php:error] [pid 353018:tid 353018] [client 162.158.49.76:34346] script '/var/www/greeniesnowie/S70J7Q.php' not found or unable to stat
[Thu Oct 03 09:20:00.654703 2024] [php:error] [pid 353018:tid 353018] [client 162.158.49.76:34346] script '/var/www/greeniesnowie/d8663d17.php' not found or unable to stat
[Thu Oct 03 09:20:00.796338 2024] [php:error] [pid 356262:tid 356262] [client 162.158.49.77:40628] script '/var/www/greeniesnowie/admin.php' not found or unable to stat
[Thu Oct 03 09:20:00.944104 2024] [php:error] [pid 356262:tid 356262] [client 162.158.49.77:40628] script '/var/www/greeniesnowie/@somecp\xc2\xae.php' not found or unable to stat
[Thu Oct 03 09:20:01.593233 2024] [php:error] [pid 353018:tid 353018] [client 162.158.49.76:34346] script '/var/www/greeniesnowie/app.php' not found or unable to stat
[Thu Oct 03 09:20:02.059104 2024] [php:error] [pid 356262:tid 356262] [client 162.158.49.77:40628] script '/var/www/greeniesnowie/ovakmrurz.php' not found or unable to stat
[Thu Oct 03 09:20:02.623749 2024] [php:error] [pid 356262:tid 356262] [client 162.158.49.77:40628] script '/var/www/greeniesnowie/ok.php' not found or unable to stat
[Thu Oct 03 09:20:03.966347 2024] [php:error] [pid 353018:tid 353018] [client 162.158.49.76:34346] script '/var/www/greeniesnowie/AUHZ05.php' not found or unable to stat
[Thu Oct 03 09:20:05.644385 2024] [php:error] [pid 353018:tid 353018] [client 162.158.49.76:34346] script '/var/www/greeniesnowie/load.php' not found or unable to stat
[Thu Oct 03 09:20:05.788798 2024] [php:error] [pid 353018:tid 353018] [client 162.158.49.76:34346] script '/var/www/greeniesnowie/dfgev2ig.php' not found or unable to stat
[Thu Oct 03 09:20:05.920930 2024] [php:error] [pid 356262:tid 356262] [client 162.158.49.77:40628] script '/var/www/greeniesnowie/admin/function.php' not found or unable to stat
[Thu Oct 03 09:20:06.779957 2024] [php:error] [pid 356262:tid 356262] [client 162.158.49.77:40628] script '/var/www/greeniesnowie/defaults.php' not found or unable to stat
[Thu Oct 03 09:20:07.533320 2024] [php:error] [pid 356262:tid 356262] [client 162.158.49.77:40628] script '/var/www/greeniesnowie/class-wp-recovery-mode-email-service-meta.php' not found or unable to stat
[Thu Oct 03 09:20:09.509673 2024] [php:error] [pid 356262:tid 356262] [client 162.158.49.77:40628] script '/var/www/greeniesnowie/ee.php' not found or unable to stat
[Thu Oct 03 09:20:09.844710 2024] [php:error] [pid 356262:tid 356262] [client 162.158.49.77:40628] script '/var/www/greeniesnowie/assets/fosil.php' not found or unable to stat
[Thu Oct 03 09:20:10.584407 2024] [php:error] [pid 353018:tid 353018] [client 162.158.49.76:34346] script '/var/www/greeniesnowie/gely.php' not found or unable to stat
[Thu Oct 03 09:20:10.871865 2024] [php:error] [pid 353018:tid 353018] [client 162.158.49.76:34346] script '/var/www/greeniesnowie/wp-pano.php' not found or unable to stat
[Thu Oct 03 09:20:12.278564 2024] [php:error] [pid 356262:tid 356262] [client 162.158.49.77:40628] script '/var/www/greeniesnowie/yhpxtvvy.php' not found or unable to stat
[Thu Oct 03 09:20:12.427408 2024] [php:error] [pid 353018:tid 353018] [client 162.158.49.76:34346] script '/var/www/greeniesnowie/JHZHAX.php' not found or unable to stat
[Thu Oct 03 09:20:12.842838 2024] [php:error] [pid 356262:tid 356262] [client 162.158.49.77:40628] script '/var/www/greeniesnowie/stxdsoxv.php' not found or unable to stat
[Thu Oct 03 09:20:12.986515 2024] [php:error] [pid 356262:tid 356262] [client 162.158.49.77:40628] script '/var/www/greeniesnowie/radio.php' not found or unable to stat
[Thu Oct 03 09:20:13.555318 2024] [php:error] [pid 353018:tid 353018] [client 162.158.49.76:34346] script '/var/www/greeniesnowie/13.php' not found or unable to stat
[Thu Oct 03 09:20:14.167126 2024] [php:error] [pid 353018:tid 353018] [client 162.158.49.76:34346] script '/var/www/greeniesnowie/rfgsrd.php' not found or unable to stat
[Thu Oct 03 09:20:15.366123 2024] [php:error] [pid 356262:tid 356262] [client 162.158.49.77:40628] script '/var/www/greeniesnowie/delete3.php' not found or unable to stat
[Thu Oct 03 09:20:15.637786 2024] [php:error] [pid 356262:tid 356262] [client 162.158.49.77:40628] script '/var/www/greeniesnowie/wp-settings.php' not found or unable to stat
[Thu Oct 03 09:20:17.376116 2024] [php:error] [pid 356262:tid 356262] [client 162.158.49.77:40628] script '/var/www/greeniesnowie/marijuana.php' not found or unable to stat
[Thu Oct 03 09:20:17.527499 2024] [php:error] [pid 356262:tid 356262] [client 162.158.49.77:40628] script '/var/www/greeniesnowie/tccaepbk.php' not found or unable to stat
[Thu Oct 03 09:20:18.834256 2024] [php:error] [pid 356262:tid 356262] [client 162.158.49.77:40628] script '/var/www/greeniesnowie/assets/alfa-rex.php' not found or unable to stat
[Thu Oct 03 09:20:20.123446 2024] [php:error] [pid 356262:tid 356262] [client 162.158.49.77:40628] script '/var/www/greeniesnowie/gif.php' not found or unable to stat
[Thu Oct 03 09:20:21.280008 2024] [php:error] [pid 356262:tid 356262] [client 162.158.49.77:40628] script '/var/www/greeniesnowie/plugin.php' not found or unable to stat
[Thu Oct 03 09:20:21.825372 2024] [php:error] [pid 356262:tid 356262] [client 162.158.49.77:40628] script '/var/www/greeniesnowie/x.php' not found or unable to stat
[Thu Oct 03 09:20:22.582061 2024] [php:error] [pid 353018:tid 353018] [client 162.158.49.76:34346] script '/var/www/greeniesnowie/ss.php' not found or unable to stat
[Thu Oct 03 09:20:22.726417 2024] [php:error] [pid 353018:tid 353018] [client 162.158.49.76:34346] script '/var/www/greeniesnowie/server.php' not found or unable to stat
[Thu Oct 03 09:20:23.180041 2024] [php:error] [pid 353018:tid 353018] [client 162.158.49.76:34346] script '/var/www/greeniesnowie/f0x.php' not found or unable to stat
[Thu Oct 03 09:20:23.484849 2024] [php:error] [pid 356262:tid 356262] [client 162.158.49.77:40628] script '/var/www/greeniesnowie/tfrh.php' not found or unable to stat
[Thu Oct 03 09:20:24.071500 2024] [php:error] [pid 356262:tid 356262] [client 162.158.49.77:40628] script '/var/www/greeniesnowie/admin-post.php' not found or unable to stat
[Thu Oct 03 09:20:24.664055 2024] [php:error] [pid 353018:tid 353018] [client 162.158.49.76:34346] script '/var/www/greeniesnowie/5wr09dfi.php' not found or unable to stat
[Thu Oct 03 09:20:25.766230 2024] [php:error] [pid 356262:tid 356262] [client 162.158.49.77:40628] script '/var/www/greeniesnowie/assets/file.php' not found or unable to stat
[Thu Oct 03 09:20:29.437885 2024] [php:error] [pid 356262:tid 356262] [client 162.158.49.77:40628] script '/var/www/greeniesnowie/rgrsd.php' not found or unable to stat
[Thu Oct 03 09:20:29.886562 2024] [php:error] [pid 353018:tid 353018] [client 162.158.49.76:34346] script '/var/www/greeniesnowie/hehehehe.php' not found or unable to stat
[Thu Oct 03 09:20:30.324805 2024] [php:error] [pid 356262:tid 356262] [client 162.158.49.77:40628] script '/var/www/greeniesnowie/uxgba9oy.php' not found or unable to stat
[Thu Oct 03 09:20:30.470655 2024] [php:error] [pid 356262:tid 356262] [client 162.158.49.77:40628] script '/var/www/greeniesnowie/menu.php' not found or unable to stat
[Thu Oct 03 09:20:31.174429 2024] [php:error] [pid 353012:tid 353012] [client 162.158.49.77:20164] script '/var/www/greeniesnowie/goat.php' not found or unable to stat
[Thu Oct 03 09:20:31.743385 2024] [php:error] [pid 353018:tid 353018] [client 162.158.49.76:34346] script '/var/www/greeniesnowie/post.php' not found or unable to stat
[Thu Oct 03 09:20:32.132617 2024] [php:error] [pid 353017:tid 353017] [client 162.158.49.76:45754] script '/var/www/greeniesnowie/11index.php' not found or unable to stat
[Thu Oct 03 09:20:33.429353 2024] [php:error] [pid 353012:tid 353012] [client 162.158.49.77:20164] script '/var/www/greeniesnowie/XxX.php' not found or unable to stat
[Thu Oct 03 09:20:33.575916 2024] [php:error] [pid 353012:tid 353012] [client 162.158.49.77:20164] script '/var/www/greeniesnowie/tiny.php' not found or unable to stat
[Thu Oct 03 09:20:36.165815 2024] [php:error] [pid 353017:tid 353017] [client 162.158.49.76:45754] script '/var/www/greeniesnowie/nywmftcj.php' not found or unable to stat
[Thu Oct 03 09:20:36.610566 2024] [php:error] [pid 353012:tid 353012] [client 162.158.49.77:20164] script '/var/www/greeniesnowie/gh.php' not found or unable to stat
[Thu Oct 03 09:20:37.069777 2024] [php:error] [pid 353017:tid 353017] [client 162.158.49.76:45754] script '/var/www/greeniesnowie/mah.php' not found or unable to stat
[Thu Oct 03 09:20:37.376213 2024] [php:error] [pid 353012:tid 353012] [client 162.158.49.77:20164] script '/var/www/greeniesnowie/data.php' not found or unable to stat
[Thu Oct 03 09:20:37.678034 2024] [php:error] [pid 353017:tid 353017] [client 162.158.49.76:45754] script '/var/www/greeniesnowie/hplfuns.php' not found or unable to stat
[Thu Oct 03 09:20:37.992754 2024] [php:error] [pid 353012:tid 353012] [client 162.158.49.77:20164] script '/var/www/greeniesnowie/lufix.php' not found or unable to stat
[Thu Oct 03 09:27:07.467112 2024] [php:error] [pid 353018:tid 353018] [client 172.71.102.194:36136] script '/var/www/greeniesnowie/xmlrpc.php' not found or unable to stat
[Thu Oct 03 11:52:42.296602 2024] [php:error] [pid 353017:tid 353017] [client 162.158.38.112:49382] script '/var/www/greeniesnowie/buy.php' not found or unable to stat
[Thu Oct 03 11:52:42.675773 2024] [php:error] [pid 353012:tid 353012] [client 162.158.38.113:40438] script '/var/www/greeniesnowie/gyj.php' not found or unable to stat
[Thu Oct 03 11:52:43.215929 2024] [php:error] [pid 353012:tid 353012] [client 162.158.38.113:40438] script '/var/www/greeniesnowie/w.php' not found or unable to stat
[Thu Oct 03 11:52:43.746434 2024] [php:error] [pid 353017:tid 353017] [client 162.158.38.112:49382] script '/var/www/greeniesnowie/kupgjqzy.php' not found or unable to stat
[Thu Oct 03 11:52:44.013237 2024] [php:error] [pid 353012:tid 353012] [client 162.158.38.113:40438] script '/var/www/greeniesnowie/ty.php' not found or unable to stat
[Thu Oct 03 11:52:44.284820 2024] [php:error] [pid 353012:tid 353012] [client 162.158.38.113:40438] script '/var/www/greeniesnowie/shell20211028.php' not found or unable to stat
[Thu Oct 03 11:52:44.551918 2024] [php:error] [pid 353017:tid 353017] [client 162.158.38.112:49382] script '/var/www/greeniesnowie/assets/ws.php.php' not found or unable to stat
[Thu Oct 03 11:52:45.105764 2024] [php:error] [pid 353017:tid 353017] [client 162.158.38.112:49382] script '/var/www/greeniesnowie/wficyctk.php' not found or unable to stat
[Thu Oct 03 11:52:46.074850 2024] [php:error] [pid 353017:tid 353017] [client 162.158.38.112:49382] script '/var/www/greeniesnowie/xid.php' not found or unable to stat
[Thu Oct 03 11:52:46.214216 2024] [php:error] [pid 353017:tid 353017] [client 162.158.38.112:49382] script '/var/www/greeniesnowie/gnxdfcoj.php' not found or unable to stat
[Thu Oct 03 11:52:47.287430 2024] [php:error] [pid 353017:tid 353017] [client 162.158.38.112:49382] script '/var/www/greeniesnowie/thfd.php' not found or unable to stat
[Thu Oct 03 11:52:47.816923 2024] [php:error] [pid 353017:tid 353017] [client 162.158.38.112:49382] script '/var/www/greeniesnowie/log.php' not found or unable to stat
[Thu Oct 03 11:52:48.219013 2024] [php:error] [pid 353017:tid 353017] [client 162.158.38.112:49382] script '/var/www/greeniesnowie/ws.php' not found or unable to stat
[Thu Oct 03 11:52:48.494437 2024] [php:error] [pid 353012:tid 353012] [client 162.158.38.113:40438] script '/var/www/greeniesnowie/xdqablrk.php' not found or unable to stat
[Thu Oct 03 11:52:52.063921 2024] [php:error] [pid 353012:tid 353012] [client 162.158.38.113:40438] script '/var/www/greeniesnowie/alfa.php' not found or unable to stat
[Thu Oct 03 11:52:52.745896 2024] [php:error] [pid 353017:tid 353017] [client 162.158.38.112:49382] script '/var/www/greeniesnowie/b0.php' not found or unable to stat
[Thu Oct 03 11:52:53.726570 2024] [php:error] [pid 353012:tid 353012] [client 162.158.38.113:40438] script '/var/www/greeniesnowie/DJTXPV.php' not found or unable to stat
[Thu Oct 03 11:52:53.987923 2024] [php:error] [pid 353012:tid 353012] [client 162.158.38.113:40438] script '/var/www/greeniesnowie/readme.php' not found or unable to stat
[Thu Oct 03 13:15:50.464169 2024] [php:error] [pid 372775:tid 372775] [client 172.71.118.115:38884] script '/var/www/greeniesnowie/install.php' not found or unable to stat
[Fri Oct 04 03:21:45.284445 2024] [php:warn] [pid 353055:tid 353055] [client 172.69.6.41:51330] PHP Warning:  Undefined array key "first-name" in /var/www/greeniesnowie/actions/send-mail.php on line 3
[Fri Oct 04 03:21:45.284719 2024] [php:warn] [pid 353055:tid 353055] [client 172.69.6.41:51330] PHP Warning:  Undefined array key "last-name" in /var/www/greeniesnowie/actions/send-mail.php on line 4
[Fri Oct 04 03:21:45.284726 2024] [php:warn] [pid 353055:tid 353055] [client 172.69.6.41:51330] PHP Warning:  Undefined array key "phone-number" in /var/www/greeniesnowie/actions/send-mail.php on line 5
[Fri Oct 04 03:21:45.284730 2024] [php:warn] [pid 353055:tid 353055] [client 172.69.6.41:51330] PHP Warning:  Undefined array key "email" in /var/www/greeniesnowie/actions/send-mail.php on line 6
[Fri Oct 04 03:21:45.284734 2024] [php:warn] [pid 353055:tid 353055] [client 172.69.6.41:51330] PHP Warning:  Undefined array key "request" in /var/www/greeniesnowie/actions/send-mail.php on line 7
[Fri Oct 04 03:21:45.284738 2024] [php:warn] [pid 353055:tid 353055] [client 172.69.6.41:51330] PHP Warning:  Undefined array key "cf-turnstile-response" in /var/www/greeniesnowie/actions/send-mail.php on line 9
[Fri Oct 04 06:22:23.783168 2024] [php:warn] [pid 372776:tid 372776] [client 162.158.222.246:24514] PHP Warning:  Undefined array key "cf-turnstile-response" in /var/www/greeniesnowie/actions/send-mail.php on line 9, referer: https://greeniesnowie.com/
[Fri Oct 04 11:12:02.900533 2024] [php:error] [pid 372776:tid 372776] [client 172.71.98.244:54254] script '/var/www/greeniesnowie/xmlrpc.php' not found or unable to stat
[Fri Oct 04 15:51:27.044781 2024] [php:warn] [pid 380540:tid 380540] [client 172.70.233.15:54066] PHP Warning:  Undefined array key "email" in /var/www/greeniesnowie/actions/send-mail.php on line 6, referer: https://greeniesnowie.com/
[Fri Oct 04 15:51:27.044814 2024] [php:warn] [pid 380540:tid 380540] [client 172.70.233.15:54066] PHP Warning:  Undefined array key "cf-turnstile-response" in /var/www/greeniesnowie/actions/send-mail.php on line 9, referer: https://greeniesnowie.com/
[Fri Oct 04 19:27:40.766153 2024] [php:error] [pid 381572:tid 381572] [client 162.158.38.93:30950] script '/var/www/greeniesnowie/assets/api.php' not found or unable to stat
[Fri Oct 04 19:27:40.901764 2024] [php:error] [pid 381572:tid 381572] [client 162.158.38.93:30950] script '/var/www/greeniesnowie/wp-2020.php' not found or unable to stat
[Fri Oct 04 19:27:41.555246 2024] [php:error] [pid 381574:tid 381574] [client 162.158.38.93:30962] script '/var/www/greeniesnowie/defaults.php' not found or unable to stat
[Fri Oct 04 19:27:41.817062 2024] [php:error] [pid 381572:tid 381572] [client 162.158.38.93:30950] script '/var/www/greeniesnowie/edit-tags.php' not found or unable to stat
[Fri Oct 04 19:27:43.631246 2024] [php:error] [pid 381572:tid 381572] [client 162.158.38.93:30950] script '/var/www/greeniesnowie/ozb8yz26.php' not found or unable to stat
[Fri Oct 04 19:27:43.771893 2024] [php:error] [pid 381572:tid 381572] [client 162.158.38.93:30950] script '/var/www/greeniesnowie/updates.php' not found or unable to stat
[Fri Oct 04 19:27:43.913491 2024] [php:error] [pid 381574:tid 381574] [client 162.158.38.93:30962] script '/var/www/greeniesnowie/content.php' not found or unable to stat
[Fri Oct 04 19:27:45.087300 2024] [php:error] [pid 381572:tid 381572] [client 162.158.38.93:30950] script '/var/www/greeniesnowie/goods.php' not found or unable to stat
[Fri Oct 04 19:27:45.343475 2024] [php:error] [pid 381572:tid 381572] [client 162.158.38.93:30950] script '/var/www/greeniesnowie/2.php' not found or unable to stat
[Fri Oct 04 19:27:45.885867 2024] [php:error] [pid 381574:tid 381574] [client 162.158.38.93:30962] script '/var/www/greeniesnowie/customize.php' not found or unable to stat
[Fri Oct 04 19:27:46.153989 2024] [php:error] [pid 381572:tid 381572] [client 162.158.38.93:30950] script '/var/www/greeniesnowie/jzulxjaj.php' not found or unable to stat
[Fri Oct 04 19:27:46.408549 2024] [php:error] [pid 381572:tid 381572] [client 162.158.38.93:30950] script '/var/www/greeniesnowie/edit.php' not found or unable to stat
[Fri Oct 04 19:27:47.058615 2024] [php:error] [pid 381572:tid 381572] [client 162.158.38.93:30950] script '/var/www/greeniesnowie/qpglkpgm.php' not found or unable to stat
[Fri Oct 04 19:27:47.194331 2024] [php:error] [pid 381572:tid 381572] [client 162.158.38.93:30950] script '/var/www/greeniesnowie/Njima.php' not found or unable to stat
[Fri Oct 04 19:27:47.715721 2024] [php:error] [pid 381574:tid 381574] [client 162.158.38.93:30962] script '/var/www/greeniesnowie/lock360.php' not found or unable to stat
[Fri Oct 04 19:27:47.968077 2024] [php:error] [pid 381574:tid 381574] [client 162.158.38.93:30962] script '/var/www/greeniesnowie/cmmhmaqh.php' not found or unable to stat
[Fri Oct 04 19:27:50.084009 2024] [php:error] [pid 381572:tid 381572] [client 162.158.38.93:30950] script '/var/www/greeniesnowie/rzhfy.php' not found or unable to stat
[Fri Oct 04 19:27:50.362252 2024] [php:error] [pid 381574:tid 381574] [client 162.158.38.93:30962] script '/var/www/greeniesnowie/insert_activity_db.php' not found or unable to stat
[Fri Oct 04 19:27:50.886038 2024] [php:error] [pid 381574:tid 381574] [client 162.158.38.93:30962] script '/var/www/greeniesnowie/fnyeltio.php' not found or unable to stat
[Fri Oct 04 19:27:52.608672 2024] [php:error] [pid 381574:tid 381574] [client 162.158.38.93:30962] script '/var/www/greeniesnowie/pip-install.php' not found or unable to stat
[Fri Oct 04 19:27:53.275540 2024] [php:error] [pid 381574:tid 381574] [client 162.158.38.93:30962] script '/var/www/greeniesnowie/txets.php' not found or unable to stat
[Fri Oct 04 19:27:53.933012 2024] [php:error] [pid 381574:tid 381574] [client 162.158.38.93:30962] script '/var/www/greeniesnowie/alfa-rex.php' not found or unable to stat
[Fri Oct 04 19:27:54.463196 2024] [php:error] [pid 381572:tid 381572] [client 162.158.38.93:30950] script '/var/www/greeniesnowie/autoload_classmap.php' not found or unable to stat
[Fri Oct 04 19:27:54.587799 2024] [php:error] [pid 381574:tid 381574] [client 162.158.38.93:30962] script '/var/www/greeniesnowie/es.php' not found or unable to stat
[Fri Oct 04 19:27:55.181390 2024] [php:error] [pid 381574:tid 381574] [client 162.158.38.93:30962] script '/var/www/greeniesnowie/wp-scripts.php' not found or unable to stat
[Fri Oct 04 19:27:55.461229 2024] [php:error] [pid 381574:tid 381574] [client 162.158.38.93:30962] script '/var/www/greeniesnowie/upfile.php' not found or unable to stat
[Fri Oct 04 19:27:56.172663 2024] [php:error] [pid 381574:tid 381574] [client 162.158.38.93:30962] script '/var/www/greeniesnowie/gser.php' not found or unable to stat
[Fri Oct 04 19:27:57.209956 2024] [php:error] [pid 381572:tid 381572] [client 162.158.38.93:30950] script '/var/www/greeniesnowie/abouts.php' not found or unable to stat
[Fri Oct 04 19:27:57.600991 2024] [php:error] [pid 381574:tid 381574] [client 162.158.38.93:30962] script '/var/www/greeniesnowie/indosec.php' not found or unable to stat
[Fri Oct 04 19:27:57.731795 2024] [php:error] [pid 381572:tid 381572] [client 162.158.38.93:30950] script '/var/www/greeniesnowie/c.php' not found or unable to stat
[Fri Oct 04 19:27:57.866203 2024] [php:error] [pid 381574:tid 381574] [client 162.158.38.93:30962] script '/var/www/greeniesnowie/db.php' not found or unable to stat
[Fri Oct 04 19:27:58.124557 2024] [php:error] [pid 381572:tid 381572] [client 162.158.38.93:30950] script '/var/www/greeniesnowie/bala.php' not found or unable to stat
[Fri Oct 04 19:27:59.567716 2024] [php:error] [pid 381574:tid 381574] [client 162.158.38.93:30962] script '/var/www/greeniesnowie/ms-upgrade-network.php' not found or unable to stat
[Fri Oct 04 19:28:00.793372 2024] [php:error] [pid 381572:tid 381572] [client 162.158.38.93:30950] script '/var/www/greeniesnowie/wp-head.php' not found or unable to stat
[Fri Oct 04 19:28:01.457204 2024] [php:error] [pid 381572:tid 381572] [client 162.158.38.93:30950] script '/var/www/greeniesnowie/ficmdwty.php' not found or unable to stat
[Fri Oct 04 19:28:02.243193 2024] [php:error] [pid 381572:tid 381572] [client 162.158.38.93:30950] script '/var/www/greeniesnowie/phpmailer.lang-sv.php' not found or unable to stat
[Fri Oct 04 19:28:02.370037 2024] [php:error] [pid 381572:tid 381572] [client 162.158.38.93:30950] script '/var/www/greeniesnowie/bs.php' not found or unable to stat
[Fri Oct 04 19:28:03.870615 2024] [php:error] [pid 381572:tid 381572] [client 162.158.38.93:30950] script '/var/www/greeniesnowie/uxquidwa.php' not found or unable to stat
[Fri Oct 04 19:28:04.396250 2024] [php:error] [pid 381574:tid 381574] [client 162.158.38.93:30962] script '/var/www/greeniesnowie/mfi.php' not found or unable to stat
[Fri Oct 04 19:28:04.909728 2024] [php:error] [pid 381574:tid 381574] [client 162.158.38.93:30962] script '/var/www/greeniesnowie/ndex.php' not found or unable to stat
[Fri Oct 04 19:28:05.967774 2024] [php:error] [pid 381571:tid 381571] [client 162.158.38.92:36768] script '/var/www/greeniesnowie/byp.php' not found or unable to stat
[Fri Oct 04 19:28:07.145570 2024] [php:error] [pid 381574:tid 381574] [client 162.158.38.93:30962] script '/var/www/greeniesnowie/ws.php.php' not found or unable to stat
[Fri Oct 04 19:28:07.442906 2024] [php:error] [pid 381571:tid 381571] [client 162.158.38.92:36768] script '/var/www/greeniesnowie/rorykqqh.php' not found or unable to stat
[Fri Oct 04 19:28:07.568295 2024] [php:error] [pid 381571:tid 381571] [client 162.158.38.92:36768] script '/var/www/greeniesnowie/864axcqt.php' not found or unable to stat
[Fri Oct 04 19:28:08.223231 2024] [php:error] [pid 381574:tid 381574] [client 162.158.38.93:30962] script '/var/www/greeniesnowie/nowp.php' not found or unable to stat
[Fri Oct 04 19:28:08.347575 2024] [php:error] [pid 381574:tid 381574] [client 162.158.38.93:30962] script '/var/www/greeniesnowie/assets/expect.php' not found or unable to stat
[Fri Oct 04 19:31:53.948608 2024] [php:error] [pid 381573:tid 381573] [client 162.158.6.36:39698] script '/var/www/greeniesnowie/jindex.php' not found or unable to stat
[Fri Oct 04 19:31:55.463457 2024] [php:error] [pid 381573:tid 381573] [client 162.158.6.36:39698] script '/var/www/greeniesnowie/ufdqlzwb.php' not found or unable to stat
[Fri Oct 04 19:31:56.298079 2024] [php:error] [pid 381573:tid 381573] [client 162.158.6.36:39698] script '/var/www/greeniesnowie/yumhbntb.php' not found or unable to stat
[Fri Oct 04 19:31:56.429187 2024] [php:error] [pid 381573:tid 381573] [client 162.158.6.36:39698] script '/var/www/greeniesnowie/system.php' not found or unable to stat
[Fri Oct 04 19:31:57.248207 2024] [php:error] [pid 381573:tid 381573] [client 162.158.6.36:39698] script '/var/www/greeniesnowie/rsf.php' not found or unable to stat
[Fri Oct 04 19:31:58.597124 2024] [php:error] [pid 381573:tid 381573] [client 162.158.6.36:39698] script '/var/www/greeniesnowie/assets/wp-login.php' not found or unable to stat
[Fri Oct 04 19:32:00.217632 2024] [php:error] [pid 381573:tid 381573] [client 162.158.6.36:39698] script '/var/www/greeniesnowie/text.php' not found or unable to stat
[Fri Oct 04 19:32:01.334215 2024] [php:error] [pid 381573:tid 381573] [client 162.158.6.36:39698] script '/var/www/greeniesnowie/text.php' not found or unable to stat
[Fri Oct 04 19:32:01.622758 2024] [php:error] [pid 381575:tid 381575] [client 162.158.6.37:10790] script '/var/www/greeniesnowie/avbxfstf.php' not found or unable to stat
[Fri Oct 04 19:32:02.673309 2024] [php:error] [pid 381573:tid 381573] [client 162.158.6.36:39698] script '/var/www/greeniesnowie/gel4y.php' not found or unable to stat
[Fri Oct 04 19:32:02.816500 2024] [php:error] [pid 381573:tid 381573] [client 162.158.6.36:39698] script '/var/www/greeniesnowie/wp-blog.php' not found or unable to stat
[Fri Oct 04 19:32:04.167538 2024] [php:error] [pid 381575:tid 381575] [client 162.158.6.37:10790] script '/var/www/greeniesnowie/avaa.php' not found or unable to stat
[Fri Oct 04 19:32:05.276346 2024] [php:error] [pid 381575:tid 381575] [client 162.158.6.37:10790] script '/var/www/greeniesnowie/bak.php' not found or unable to stat
[Fri Oct 04 19:32:05.412929 2024] [php:error] [pid 381573:tid 381573] [client 162.158.6.36:39698] script '/var/www/greeniesnowie/aks.php' not found or unable to stat
[Fri Oct 04 19:32:05.822320 2024] [php:error] [pid 381575:tid 381575] [client 162.158.6.37:10790] script '/var/www/greeniesnowie/tdgdesr.php' not found or unable to stat
[Fri Oct 04 19:32:06.964815 2024] [php:error] [pid 381573:tid 381573] [client 162.158.6.36:39698] script '/var/www/greeniesnowie/source.php' not found or unable to stat
[Fri Oct 04 19:32:07.090280 2024] [php:error] [pid 381573:tid 381573] [client 162.158.6.36:39698] script '/var/www/greeniesnowie/settings.php' not found or unable to stat
[Fri Oct 04 19:32:08.196582 2024] [php:error] [pid 381575:tid 381575] [client 162.158.6.37:10790] script '/var/www/greeniesnowie/mini.php' not found or unable to stat
[Fri Oct 04 19:32:09.600083 2024] [php:error] [pid 381573:tid 381573] [client 162.158.6.36:39698] script '/var/www/greeniesnowie/yl10gohp.php' not found or unable to stat
[Fri Oct 04 19:32:09.736936 2024] [php:error] [pid 381575:tid 381575] [client 162.158.6.37:10790] script '/var/www/greeniesnowie/makeasmtp.php' not found or unable to stat
[Fri Oct 04 19:32:10.137473 2024] [php:error] [pid 381573:tid 381573] [client 162.158.6.36:39698] script '/var/www/greeniesnowie/bkqmgnts.php' not found or unable to stat
[Fri Oct 04 19:32:11.633031 2024] [php:error] [pid 381573:tid 381573] [client 162.158.6.36:39698] script '/var/www/greeniesnowie/wpup.php' not found or unable to stat
[Fri Oct 04 19:32:12.365017 2024] [php:error] [pid 381573:tid 381573] [client 162.158.6.36:39698] script '/var/www/greeniesnowie/lzmrjmgg.php' not found or unable to stat
[Fri Oct 04 19:32:12.653033 2024] [php:error] [pid 381575:tid 381575] [client 162.158.6.37:10790] script '/var/www/greeniesnowie/luuf.php' not found or unable to stat
[Fri Oct 04 19:32:12.925980 2024] [php:error] [pid 381575:tid 381575] [client 162.158.6.37:10790] script '/var/www/greeniesnowie/admin/wp-fclass.php' not found or unable to stat
[Fri Oct 04 19:32:14.345916 2024] [php:error] [pid 381575:tid 381575] [client 162.158.6.37:10790] script '/var/www/greeniesnowie/pchgflmv.php' not found or unable to stat
[Fri Oct 04 19:32:14.487823 2024] [php:error] [pid 381575:tid 381575] [client 162.158.6.37:10790] script '/var/www/greeniesnowie/readme.php' not found or unable to stat
[Fri Oct 04 19:32:14.620866 2024] [php:error] [pid 381573:tid 381573] [client 162.158.6.36:39698] script '/var/www/greeniesnowie/wp-aa.php' not found or unable to stat
[Fri Oct 04 19:32:16.369317 2024] [php:error] [pid 381575:tid 381575] [client 162.158.6.37:10790] script '/var/www/greeniesnowie/nzwxrdrl.php' not found or unable to stat
[Fri Oct 04 19:32:16.636257 2024] [php:error] [pid 381573:tid 381573] [client 162.158.6.36:39698] script '/var/www/greeniesnowie/autoload_classmap.php' not found or unable to stat
[Fri Oct 04 19:32:16.778268 2024] [php:error] [pid 381575:tid 381575] [client 162.158.6.37:10790] script '/var/www/greeniesnowie/class.php' not found or unable to stat
[Fri Oct 04 19:32:17.192004 2024] [php:error] [pid 381573:tid 381573] [client 162.158.6.36:39698] script '/var/www/greeniesnowie/aa.php' not found or unable to stat
[Fri Oct 04 19:32:19.275437 2024] [php:error] [pid 381575:tid 381575] [client 162.158.6.37:10790] script '/var/www/greeniesnowie/bezzozdp.php' not found or unable to stat
[Fri Oct 04 21:08:05.076692 2024] [php:error] [pid 381569:tid 381569] [client 162.158.49.4:49898] script '/var/www/greeniesnowie/css.php' not found or unable to stat
[Fri Oct 04 21:08:05.305784 2024] [php:error] [pid 381570:tid 381570] [client 162.158.49.5:47030] script '/var/www/greeniesnowie/simple.php' not found or unable to stat
[Fri Oct 04 21:08:05.446881 2024] [php:error] [pid 381569:tid 381569] [client 162.158.49.4:49898] script '/var/www/greeniesnowie/log.php' not found or unable to stat
[Fri Oct 04 21:08:05.718830 2024] [php:error] [pid 381569:tid 381569] [client 162.158.49.4:49898] script '/var/www/greeniesnowie/mail.php' not found or unable to stat
[Fri Oct 04 21:08:05.848234 2024] [php:error] [pid 381570:tid 381570] [client 162.158.49.5:47030] script '/var/www/greeniesnowie/bak.php' not found or unable to stat
[Fri Oct 04 21:08:05.976268 2024] [php:error] [pid 381570:tid 381570] [client 162.158.49.5:47030] script '/var/www/greeniesnowie/content.php' not found or unable to stat
[Fri Oct 04 21:08:06.103621 2024] [php:error] [pid 381570:tid 381570] [client 162.158.49.5:47030] script '/var/www/greeniesnowie/upfile.php' not found or unable to stat
[Fri Oct 04 21:08:06.232935 2024] [php:error] [pid 381569:tid 381569] [client 162.158.49.4:49898] script '/var/www/greeniesnowie/wp.php' not found or unable to stat
[Fri Oct 04 21:08:06.360168 2024] [php:error] [pid 381570:tid 381570] [client 162.158.49.5:47030] script '/var/www/greeniesnowie/wp-conflg.php' not found or unable to stat
[Fri Oct 04 21:08:06.491561 2024] [php:error] [pid 381570:tid 381570] [client 162.158.49.5:47030] script '/var/www/greeniesnowie/bypass.php' not found or unable to stat
[Fri Oct 04 21:08:06.751506 2024] [php:error] [pid 381570:tid 381570] [client 162.158.49.5:47030] script '/var/www/greeniesnowie/updates.php' not found or unable to stat
[Fri Oct 04 21:08:06.878639 2024] [php:error] [pid 381570:tid 381570] [client 162.158.49.5:47030] script '/var/www/greeniesnowie/radio.php' not found or unable to stat
[Fri Oct 04 21:08:07.003952 2024] [php:error] [pid 381570:tid 381570] [client 162.158.49.5:47030] script '/var/www/greeniesnowie/xmrlpc.php' not found or unable to stat
[Fri Oct 04 21:08:07.132713 2024] [php:error] [pid 381570:tid 381570] [client 162.158.49.5:47030] script '/var/www/greeniesnowie/ae.php' not found or unable to stat
[Fri Oct 04 21:08:07.262821 2024] [php:error] [pid 381569:tid 381569] [client 162.158.49.4:49898] script '/var/www/greeniesnowie/moon.php' not found or unable to stat
[Fri Oct 04 21:08:07.396733 2024] [php:error] [pid 381569:tid 381569] [client 162.158.49.4:49898] script '/var/www/greeniesnowie/blog.php' not found or unable to stat
[Fri Oct 04 21:08:07.522248 2024] [php:error] [pid 381570:tid 381570] [client 162.158.49.5:47030] script '/var/www/greeniesnowie/themes.php' not found or unable to stat
[Fri Oct 04 21:08:07.652151 2024] [php:error] [pid 381569:tid 381569] [client 162.158.49.4:49898] script '/var/www/greeniesnowie/ini.php' not found or unable to stat
[Fri Oct 04 21:08:07.779060 2024] [php:error] [pid 381569:tid 381569] [client 162.158.49.4:49898] script '/var/www/greeniesnowie/as.php' not found or unable to stat
[Fri Oct 04 21:08:07.911574 2024] [php:error] [pid 381569:tid 381569] [client 162.158.49.4:49898] script '/var/www/greeniesnowie/shell.php' not found or unable to stat
[Fri Oct 04 21:08:08.040001 2024] [php:error] [pid 381569:tid 381569] [client 162.158.49.4:49898] script '/var/www/greeniesnowie/ws.php' not found or unable to stat
[Fri Oct 04 21:08:08.165733 2024] [php:error] [pid 381570:tid 381570] [client 162.158.49.5:47030] script '/var/www/greeniesnowie/dropdown.php' not found or unable to stat
[Fri Oct 04 21:08:08.294859 2024] [php:error] [pid 381569:tid 381569] [client 162.158.49.4:49898] script '/var/www/greeniesnowie/makeasmtp.php' not found or unable to stat
[Fri Oct 04 21:08:08.423717 2024] [php:error] [pid 381569:tid 381569] [client 162.158.49.4:49898] script '/var/www/greeniesnowie/wp-sigunq.php' not found or unable to stat
[Fri Oct 04 21:08:08.548119 2024] [php:error] [pid 381570:tid 381570] [client 162.158.49.5:47030] script '/var/www/greeniesnowie/wso112233.php' not found or unable to stat
[Fri Oct 04 21:08:08.675052 2024] [php:error] [pid 381570:tid 381570] [client 162.158.49.5:47030] script '/var/www/greeniesnowie/alfanew.php' not found or unable to stat
[Fri Oct 04 21:08:08.807581 2024] [php:error] [pid 381569:tid 381569] [client 162.158.49.4:49898] script '/var/www/greeniesnowie/fw.php' not found or unable to stat
[Fri Oct 04 21:08:08.940193 2024] [php:error] [pid 381569:tid 381569] [client 162.158.49.4:49898] script '/var/www/greeniesnowie/install.php' not found or unable to stat
[Fri Oct 04 21:08:09.078440 2024] [php:error] [pid 381570:tid 381570] [client 162.158.49.5:47030] script '/var/www/greeniesnowie/wp-login.php' not found or unable to stat
[Fri Oct 04 21:08:09.350582 2024] [php:error] [pid 381569:tid 381569] [client 162.158.49.4:49898] script '/var/www/greeniesnowie/chosen.php' not found or unable to stat
[Fri Oct 04 21:08:09.481441 2024] [php:error] [pid 381569:tid 381569] [client 162.158.49.4:49898] script '/var/www/greeniesnowie/inputs.php' not found or unable to stat
[Fri Oct 04 21:08:09.608934 2024] [php:error] [pid 381569:tid 381569] [client 162.158.49.4:49898] script '/var/www/greeniesnowie/classsmtps.php' not found or unable to stat
[Fri Oct 04 21:08:09.739836 2024] [php:error] [pid 381570:tid 381570] [client 162.158.49.5:47030] script '/var/www/greeniesnowie/wp-blog-header.php' not found or unable to stat
[Fri Oct 04 21:08:09.880369 2024] [php:error] [pid 381569:tid 381569] [client 162.158.49.4:49898] script '/var/www/greeniesnowie/wp-trackback.php' not found or unable to stat
[Fri Oct 04 21:08:10.008156 2024] [php:error] [pid 381570:tid 381570] [client 162.158.49.5:47030] script '/var/www/greeniesnowie/wp-signup.php' not found or unable to stat
[Fri Oct 04 21:08:10.140627 2024] [php:error] [pid 381570:tid 381570] [client 162.158.49.5:47030] script '/var/www/greeniesnowie/wp-comments-post.php' not found or unable to stat
[Fri Oct 04 21:08:10.268781 2024] [php:error] [pid 381570:tid 381570] [client 162.158.49.5:47030] script '/var/www/greeniesnowie/wp-cron.php' not found or unable to stat
[Fri Oct 04 21:08:10.398428 2024] [php:error] [pid 381569:tid 381569] [client 162.158.49.4:49898] script '/var/www/greeniesnowie/wp-load.php' not found or unable to stat
[Fri Oct 04 21:08:10.524539 2024] [php:error] [pid 381569:tid 381569] [client 162.158.49.4:49898] script '/var/www/greeniesnowie/wp-mail.php' not found or unable to stat
[Fri Oct 04 21:08:10.652343 2024] [php:error] [pid 381570:tid 381570] [client 162.158.49.5:47030] script '/var/www/greeniesnowie/edit.php' not found or unable to stat
[Fri Oct 04 21:08:10.783352 2024] [php:error] [pid 381569:tid 381569] [client 162.158.49.4:49898] script '/var/www/greeniesnowie/wp-activate.php' not found or unable to stat
[Fri Oct 04 21:08:10.915991 2024] [php:error] [pid 381570:tid 381570] [client 162.158.49.5:47030] script '/var/www/greeniesnowie/plugins.php' not found or unable to stat
[Fri Oct 04 21:08:11.042093 2024] [php:error] [pid 381570:tid 381570] [client 162.158.49.5:47030] script '/var/www/greeniesnowie/post.php' not found or unable to stat
[Fri Oct 04 21:08:11.169256 2024] [php:error] [pid 381569:tid 381569] [client 162.158.49.4:49898] script '/var/www/greeniesnowie/admin.php' not found or unable to stat
[Fri Oct 04 21:08:11.295751 2024] [php:error] [pid 381569:tid 381569] [client 162.158.49.4:49898] script '/var/www/greeniesnowie/about.php' not found or unable to stat
[Fri Oct 04 21:08:11.420575 2024] [php:error] [pid 381570:tid 381570] [client 162.158.49.5:47030] script '/var/www/greeniesnowie/wp-2019.php' not found or unable to stat
[Fri Oct 04 21:08:11.546821 2024] [php:error] [pid 381570:tid 381570] [client 162.158.49.5:47030] script '/var/www/greeniesnowie/2index.php' not found or unable to stat
[Fri Oct 04 21:08:11.680708 2024] [php:error] [pid 381570:tid 381570] [client 162.158.49.5:47030] script '/var/www/greeniesnowie/C.php' not found or unable to stat
[Fri Oct 04 21:08:11.808502 2024] [php:error] [pid 381570:tid 381570] [client 162.158.49.5:47030] script '/var/www/greeniesnowie/c.php' not found or unable to stat
[Fri Oct 04 21:08:11.937330 2024] [php:error] [pid 381569:tid 381569] [client 162.158.49.4:49898] script '/var/www/greeniesnowie/01.php' not found or unable to stat
[Fri Oct 04 21:08:12.065236 2024] [php:error] [pid 381570:tid 381570] [client 162.158.49.5:47030] script '/var/www/greeniesnowie/1.php' not found or unable to stat
[Fri Oct 04 21:08:12.192292 2024] [php:error] [pid 381570:tid 381570] [client 162.158.49.5:47030] script '/var/www/greeniesnowie/02.php' not found or unable to stat
[Fri Oct 04 21:08:12.322831 2024] [php:error] [pid 381570:tid 381570] [client 162.158.49.5:47030] script '/var/www/greeniesnowie/alfa.php' not found or unable to stat
[Fri Oct 04 21:08:12.456115 2024] [php:error] [pid 381570:tid 381570] [client 162.158.49.5:47030] script '/var/www/greeniesnowie/mini.php' not found or unable to stat
[Fri Oct 04 21:08:12.582248 2024] [php:error] [pid 381570:tid 381570] [client 162.158.49.5:47030] script '/var/www/greeniesnowie/x.php' not found or unable to stat
[Fri Oct 04 21:08:12.711100 2024] [php:error] [pid 381569:tid 381569] [client 162.158.49.4:49898] script '/var/www/greeniesnowie/403.php' not found or unable to stat
[Fri Oct 04 21:08:12.837125 2024] [php:error] [pid 381569:tid 381569] [client 162.158.49.4:49898] script '/var/www/greeniesnowie/wso.php' not found or unable to stat
[Fri Oct 04 21:08:12.970898 2024] [php:error] [pid 381570:tid 381570] [client 162.158.49.5:47030] script '/var/www/greeniesnowie/wp-22.php' not found or unable to stat
[Fri Oct 04 21:08:13.097674 2024] [php:error] [pid 381569:tid 381569] [client 162.158.49.4:49898] script '/var/www/greeniesnowie/1index.php' not found or unable to stat
[Fri Oct 04 21:08:13.231251 2024] [php:error] [pid 381569:tid 381569] [client 162.158.49.4:49898] script '/var/www/greeniesnowie/marijuana.php' not found or unable to stat
[Fri Oct 04 21:08:13.359054 2024] [php:error] [pid 381569:tid 381569] [client 162.158.49.4:49898] script '/var/www/greeniesnowie/good.php' not found or unable to stat
[Fri Oct 04 21:08:13.490319 2024] [php:error] [pid 381569:tid 381569] [client 162.158.49.4:49898] script '/var/www/greeniesnowie/up.php' not found or unable to stat
[Fri Oct 04 21:08:13.619233 2024] [php:error] [pid 381569:tid 381569] [client 162.158.49.4:49898] script '/var/www/greeniesnowie/doc.php' not found or unable to stat
[Fri Oct 04 21:08:13.746794 2024] [php:error] [pid 381570:tid 381570] [client 162.158.49.5:47030] script '/var/www/greeniesnowie/13.php' not found or unable to stat
[Fri Oct 04 21:08:13.878694 2024] [php:error] [pid 381570:tid 381570] [client 162.158.49.5:47030] script '/var/www/greeniesnowie/atomlib.php' not found or unable to stat
[Fri Oct 04 21:08:14.012430 2024] [php:error] [pid 381570:tid 381570] [client 162.158.49.5:47030] script '/var/www/greeniesnowie/crack_self_restore.php' not found or unable to stat
[Fri Oct 04 21:08:14.268021 2024] [php:error] [pid 381570:tid 381570] [client 162.158.49.5:47030] script '/var/www/greeniesnowie/function.php' not found or unable to stat
[Fri Oct 04 21:08:14.402141 2024] [php:error] [pid 381569:tid 381569] [client 162.158.49.4:49898] script '/var/www/greeniesnowie/menu.php' not found or unable to stat
[Fri Oct 04 21:08:14.787927 2024] [php:error] [pid 381569:tid 381569] [client 162.158.49.4:49898] script '/var/www/greeniesnowie/item.php' not found or unable to stat
[Fri Oct 04 21:08:16.140835 2024] [php:error] [pid 381569:tid 381569] [client 162.158.49.4:49898] script '/var/www/greeniesnowie/session.php' not found or unable to stat
[Fri Oct 04 21:08:16.526835 2024] [php:error] [pid 381569:tid 381569] [client 162.158.49.4:49898] script '/var/www/greeniesnowie/wp-apxupx.php' not found or unable to stat
[Fri Oct 04 21:08:17.305897 2024] [php:error] [pid 381569:tid 381569] [client 162.158.49.4:49898] script '/var/www/greeniesnowie/ova-tools.php' not found or unable to stat
[Fri Oct 04 21:08:17.810644 2024] [php:error] [pid 381569:tid 381569] [client 162.158.49.4:49898] script '/var/www/greeniesnowie/class.api.php' not found or unable to stat
[Fri Oct 04 21:08:17.939142 2024] [php:error] [pid 381570:tid 381570] [client 162.158.49.5:47030] script '/var/www/greeniesnowie/abe.php' not found or unable to stat
[Fri Oct 04 21:08:18.066622 2024] [php:error] [pid 381570:tid 381570] [client 162.158.49.5:47030] script '/var/www/greeniesnowie/htaccess.php' not found or unable to stat
[Fri Oct 04 21:08:18.449870 2024] [php:error] [pid 381569:tid 381569] [client 162.158.49.4:49898] script '/var/www/greeniesnowie/byp.php' not found or unable to stat
[Fri Oct 04 21:08:19.103664 2024] [php:error] [pid 381569:tid 381569] [client 162.158.49.4:49898] script '/var/www/greeniesnowie/yanz.php' not found or unable to stat
[Fri Oct 04 21:08:19.237299 2024] [php:error] [pid 381569:tid 381569] [client 162.158.49.4:49898] script '/var/www/greeniesnowie/click.php' not found or unable to stat
[Fri Oct 04 21:08:19.373331 2024] [php:error] [pid 381569:tid 381569] [client 162.158.49.4:49898] script '/var/www/greeniesnowie/goat1.php' not found or unable to stat
[Fri Oct 04 21:08:19.899220 2024] [php:error] [pid 381569:tid 381569] [client 162.158.49.4:49898] script '/var/www/greeniesnowie/sidwsi.php' not found or unable to stat
[Fri Oct 04 21:08:20.025023 2024] [php:error] [pid 381570:tid 381570] [client 162.158.49.5:47030] script '/var/www/greeniesnowie/upgrade.php' not found or unable to stat
[Fri Oct 04 21:08:20.155628 2024] [php:error] [pid 381570:tid 381570] [client 162.158.49.5:47030] script '/var/www/greeniesnowie/buy.php' not found or unable to stat
[Fri Oct 04 21:08:20.804613 2024] [php:error] [pid 381570:tid 381570] [client 162.158.49.5:47030] script '/var/www/greeniesnowie/minik.php' not found or unable to stat
[Fri Oct 04 21:08:20.934585 2024] [php:error] [pid 381569:tid 381569] [client 162.158.49.4:49898] script '/var/www/greeniesnowie/options.php' not found or unable to stat
[Fri Oct 04 21:08:21.191753 2024] [php:error] [pid 381569:tid 381569] [client 162.158.49.4:49898] script '/var/www/greeniesnowie/style.php' not found or unable to stat
[Fri Oct 04 21:08:22.231198 2024] [php:error] [pid 381570:tid 381570] [client 162.158.49.5:47030] script '/var/www/greeniesnowie/cc.php' not found or unable to stat
[Fri Oct 04 21:08:22.618545 2024] [php:error] [pid 381570:tid 381570] [client 162.158.49.5:47030] script '/var/www/greeniesnowie/wp-mail.php' not found or unable to stat
[Fri Oct 04 21:08:23.522800 2024] [php:error] [pid 381570:tid 381570] [client 162.158.49.5:47030] script '/var/www/greeniesnowie/moon.php' not found or unable to stat
[Fri Oct 04 21:08:23.917357 2024] [php:error] [pid 381570:tid 381570] [client 162.158.49.5:47030] script '/var/www/greeniesnowie/worksec.php' not found or unable to stat
[Fri Oct 04 21:08:24.178543 2024] [php:error] [pid 381569:tid 381569] [client 162.158.49.4:49898] script '/var/www/greeniesnowie/autoload_classmap.php' not found or unable to stat
[Fri Oct 04 21:08:24.570001 2024] [php:error] [pid 381570:tid 381570] [client 162.158.49.5:47030] script '/var/www/greeniesnowie/siteheads.php' not found or unable to stat
[Fri Oct 04 21:08:24.701584 2024] [php:error] [pid 381569:tid 381569] [client 162.158.49.4:49898] script '/var/www/greeniesnowie/2.php' not found or unable to stat
[Fri Oct 04 21:08:25.830219 2024] [php:error] [pid 381570:tid 381570] [client 162.158.49.5:47030] script '/var/www/greeniesnowie/classwithtostring.php' not found or unable to stat
[Fri Oct 04 21:08:26.470795 2024] [php:error] [pid 381570:tid 381570] [client 162.158.49.5:47030] script '/var/www/greeniesnowie/wp-config-sample.php' not found or unable to stat
[Fri Oct 04 21:08:26.850196 2024] [php:error] [pid 381569:tid 381569] [client 162.158.49.4:49898] script '/var/www/greeniesnowie/wp_wrong_datlib.php' not found or unable to stat
[Fri Oct 04 21:08:26.978218 2024] [php:error] [pid 381570:tid 381570] [client 162.158.49.5:47030] script '/var/www/greeniesnowie/wikindex.php' not found or unable to stat
[Fri Oct 04 21:08:27.629997 2024] [php:error] [pid 381570:tid 381570] [client 162.158.49.5:47030] script '/var/www/greeniesnowie/4price.php' not found or unable to stat
[Fri Oct 04 21:08:27.759532 2024] [php:error] [pid 381569:tid 381569] [client 162.158.49.4:49898] script '/var/www/greeniesnowie/wp-info.php' not found or unable to stat
[Fri Oct 04 21:08:27.883322 2024] [php:error] [pid 381570:tid 381570] [client 162.158.49.5:47030] script '/var/www/greeniesnowie/utchiha.php' not found or unable to stat
[Fri Oct 04 21:08:28.623183 2024] [php:error] [pid 381569:tid 381569] [client 162.158.49.4:49898] script '/var/www/greeniesnowie/plugin.php' not found or unable to stat
[Fri Oct 04 21:08:29.376054 2024] [php:error] [pid 381570:tid 381570] [client 162.158.49.5:47030] script '/var/www/greeniesnowie/db.php' not found or unable to stat
[Fri Oct 04 21:08:29.896180 2024] [php:error] [pid 381569:tid 381569] [client 162.158.49.4:49898] script '/var/www/greeniesnowie/admin/function.php' not found or unable to stat
[Fri Oct 04 21:08:30.280364 2024] [php:error] [pid 381570:tid 381570] [client 162.158.49.5:47030] script '/var/www/greeniesnowie/cong.php' not found or unable to stat
[Fri Oct 04 21:08:30.407871 2024] [php:error] [pid 381569:tid 381569] [client 162.158.49.4:49898] script '/var/www/greeniesnowie/xl2023.php' not found or unable to stat
[Fri Oct 04 21:08:31.471795 2024] [php:error] [pid 381570:tid 381570] [client 162.158.49.5:47030] script '/var/www/greeniesnowie/wp-atom.php' not found or unable to stat
[Fri Oct 04 21:08:31.980100 2024] [php:error] [pid 381570:tid 381570] [client 162.158.49.5:47030] script '/var/www/greeniesnowie/wp-head.php' not found or unable to stat
[Fri Oct 04 21:08:32.361294 2024] [php:error] [pid 381570:tid 381570] [client 162.158.49.5:47030] script '/var/www/greeniesnowie/mah.php' not found or unable to stat
[Fri Oct 04 21:08:33.654051 2024] [php:error] [pid 382618:tid 382618] [client 162.158.49.4:23110] script '/var/www/greeniesnowie/lock.php' not found or unable to stat
[Fri Oct 04 21:08:33.920228 2024] [php:error] [pid 381581:tid 381581] [client 162.158.49.5:49642] script '/var/www/greeniesnowie/info.php' not found or unable to stat
[Fri Oct 04 21:08:34.049422 2024] [php:error] [pid 382618:tid 382618] [client 162.158.49.4:23110] script '/var/www/greeniesnowie/0x.php' not found or unable to stat
[Fri Oct 04 21:08:34.180560 2024] [php:error] [pid 381581:tid 381581] [client 162.158.49.5:49642] script '/var/www/greeniesnowie/widgets.php' not found or unable to stat
