[Fri Oct 04 21:08:34.456701 2024] [php:error] [pid 381581:tid 381581] [client 162.158.49.5:49642] script '/var/www/greeniesnowie/file.php' not found or unable to stat
[Fri Oct 04 21:08:34.724726 2024] [php:error] [pid 382618:tid 382618] [client 162.158.49.4:23110] script '/var/www/greeniesnowie/class.php' not found or unable to stat
[Fri Oct 04 21:08:35.695578 2024] [php:error] [pid 382618:tid 382618] [client 162.158.49.4:23110] script '/var/www/greeniesnowie/wp-files.php' not found or unable to stat
[Fri Oct 04 21:08:36.753960 2024] [php:error] [pid 381581:tid 381581] [client 162.158.49.5:49642] script '/var/www/greeniesnowie/upload.php' not found or unable to stat
[Fri Oct 04 21:08:37.015680 2024] [php:error] [pid 382618:tid 382618] [client 162.158.49.4:23110] script '/var/www/greeniesnowie/default.php' not found or unable to stat
[Fri Oct 04 21:08:37.145156 2024] [php:error] [pid 382618:tid 382618] [client 162.158.49.4:23110] script '/var/www/greeniesnowie/bless.php' not found or unable to stat
[Fri Oct 04 21:08:37.274549 2024] [php:error] [pid 382618:tid 382618] [client 162.158.49.4:23110] script '/var/www/greeniesnowie/about.php' not found or unable to stat
[Fri Oct 04 21:08:37.547718 2024] [php:error] [pid 382618:tid 382618] [client 162.158.49.4:23110] script '/var/www/greeniesnowie/options-discussion.php' not found or unable to stat
[Fri Oct 04 21:08:37.682759 2024] [php:error] [pid 381581:tid 381581] [client 162.158.49.5:49642] script '/var/www/greeniesnowie/tiny.php' not found or unable to stat
[Fri Oct 04 21:08:37.813486 2024] [php:error] [pid 382618:tid 382618] [client 162.158.49.4:23110] script '/var/www/greeniesnowie/lv.php' not found or unable to stat
[Fri Oct 04 21:08:39.000973 2024] [php:error] [pid 381581:tid 381581] [client 162.158.49.5:49642] script '/var/www/greeniesnowie/gif.php' not found or unable to stat
[Fri Oct 04 21:08:39.549710 2024] [php:error] [pid 382618:tid 382618] [client 162.158.49.4:23110] script '/var/www/greeniesnowie/license.php' not found or unable to stat
[Fri Oct 04 21:08:39.681114 2024] [php:error] [pid 381581:tid 381581] [client 162.158.49.5:49642] script '/var/www/greeniesnowie/test.php' not found or unable to stat
[Fri Oct 04 21:08:40.342307 2024] [php:error] [pid 382618:tid 382618] [client 162.158.49.4:23110] script '/var/www/greeniesnowie/ethan.php' not found or unable to stat
[Fri Oct 04 21:08:40.610575 2024] [php:error] [pid 382618:tid 382618] [client 162.158.49.4:23110] script '/var/www/greeniesnowie/defaults.php' not found or unable to stat
[Fri Oct 04 21:08:40.737861 2024] [php:error] [pid 382618:tid 382618] [client 162.158.49.4:23110] script '/var/www/greeniesnowie/network.php' not found or unable to stat
[Fri Oct 04 21:08:41.737451 2024] [php:error] [pid 382618:tid 382618] [client 162.158.49.4:23110] script '/var/www/greeniesnowie/mycommand.php' not found or unable to stat
[Fri Oct 04 21:08:42.137309 2024] [php:error] [pid 381581:tid 381581] [client 162.158.49.5:49642] script '/var/www/greeniesnowie/web.php' not found or unable to stat
[Fri Oct 04 21:08:42.272849 2024] [php:error] [pid 381581:tid 381581] [client 162.158.49.5:49642] script '/var/www/greeniesnowie/wp-admin.php' not found or unable to stat
[Fri Oct 04 21:08:42.408490 2024] [php:error] [pid 382618:tid 382618] [client 162.158.49.4:23110] script '/var/www/greeniesnowie/update-core.php' not found or unable to stat
[Fri Oct 04 21:08:42.812950 2024] [php:error] [pid 381581:tid 381581] [client 162.158.49.5:49642] script '/var/www/greeniesnowie/bs1.php' not found or unable to stat
[Fri Oct 04 21:35:35.660073 2024] [php:error] [pid 381569:tid 381569] [client 162.158.49.5:40038] script '/var/www/greeniesnowie/buy.php' not found or unable to stat
[Fri Oct 04 21:35:35.946942 2024] [php:error] [pid 381581:tid 381581] [client 162.158.49.5:40030] script '/var/www/greeniesnowie/gyj.php' not found or unable to stat
[Fri Oct 04 21:35:36.456626 2024] [php:error] [pid 381569:tid 381569] [client 162.158.49.5:40038] script '/var/www/greeniesnowie/w.php' not found or unable to stat
[Fri Oct 04 21:35:36.975521 2024] [php:error] [pid 381569:tid 381569] [client 162.158.49.5:40038] script '/var/www/greeniesnowie/kupgjqzy.php' not found or unable to stat
[Fri Oct 04 21:35:37.234499 2024] [php:error] [pid 381581:tid 381581] [client 162.158.49.5:40030] script '/var/www/greeniesnowie/ty.php' not found or unable to stat
[Fri Oct 04 21:35:37.492153 2024] [php:error] [pid 381581:tid 381581] [client 162.158.49.5:40030] script '/var/www/greeniesnowie/shell20211028.php' not found or unable to stat
[Fri Oct 04 21:35:37.744605 2024] [php:error] [pid 381581:tid 381581] [client 162.158.49.5:40030] script '/var/www/greeniesnowie/assets/ws.php.php' not found or unable to stat
[Fri Oct 04 21:35:38.264152 2024] [php:error] [pid 381569:tid 381569] [client 162.158.49.5:40038] script '/var/www/greeniesnowie/wficyctk.php' not found or unable to stat
[Fri Oct 04 21:35:39.172502 2024] [php:error] [pid 381581:tid 381581] [client 162.158.49.5:40030] script '/var/www/greeniesnowie/xid.php' not found or unable to stat
[Fri Oct 04 21:35:39.316921 2024] [php:error] [pid 381581:tid 381581] [client 162.158.49.5:40030] script '/var/www/greeniesnowie/gnxdfcoj.php' not found or unable to stat
[Fri Oct 04 21:35:40.347947 2024] [php:error] [pid 381569:tid 381569] [client 162.158.49.5:40038] script '/var/www/greeniesnowie/thfd.php' not found or unable to stat
[Fri Oct 04 21:35:40.853313 2024] [php:error] [pid 381581:tid 381581] [client 162.158.49.5:40030] script '/var/www/greeniesnowie/log.php' not found or unable to stat
[Fri Oct 04 21:35:41.244947 2024] [php:error] [pid 381581:tid 381581] [client 162.158.49.5:40030] script '/var/www/greeniesnowie/ws.php' not found or unable to stat
[Fri Oct 04 21:35:41.506834 2024] [php:error] [pid 381581:tid 381581] [client 162.158.49.5:40030] script '/var/www/greeniesnowie/xdqablrk.php' not found or unable to stat
[Fri Oct 04 21:35:44.924943 2024] [php:error] [pid 381569:tid 381569] [client 162.158.49.5:40038] script '/var/www/greeniesnowie/alfa.php' not found or unable to stat
[Fri Oct 04 21:35:45.578734 2024] [php:error] [pid 381569:tid 381569] [client 162.158.49.5:40038] script '/var/www/greeniesnowie/b0.php' not found or unable to stat
[Fri Oct 04 21:35:46.472236 2024] [php:error] [pid 381569:tid 381569] [client 162.158.49.5:40038] script '/var/www/greeniesnowie/DJTXPV.php' not found or unable to stat
[Fri Oct 04 21:35:46.730088 2024] [php:error] [pid 381569:tid 381569] [client 162.158.49.5:40038] script '/var/www/greeniesnowie/readme.php' not found or unable to stat
[Fri Oct 04 22:21:55.405454 2024] [php:warn] [pid 381581:tid 381581] [client 172.68.238.55:15162] PHP Warning:  Undefined array key "cf-turnstile-response" in /var/www/greeniesnowie/actions/send-mail.php on line 9, referer: https://greeniesnowie.com/
[Sat Oct 05 06:45:43.417387 2024] [php:error] [pid 383640:tid 383640] [client 162.158.6.108:58162] script '/var/www/greeniesnowie/ring.php' not found or unable to stat
[Sat Oct 05 06:45:44.432220 2024] [php:error] [pid 383640:tid 383640] [client 162.158.6.108:58162] script '/var/www/greeniesnowie/priv8.php' not found or unable to stat
[Sat Oct 05 06:45:44.630123 2024] [php:error] [pid 383640:tid 383640] [client 162.158.6.108:58162] script '/var/www/greeniesnowie/.seo.php' not found or unable to stat
[Sat Oct 05 06:45:45.193711 2024] [php:error] [pid 383638:tid 383638] [client 162.158.6.109:59814] script '/var/www/greeniesnowie/dropdown.php' not found or unable to stat
[Sat Oct 05 06:45:47.000282 2024] [php:error] [pid 383640:tid 383640] [client 162.158.6.108:58162] script '/var/www/greeniesnowie/Marvins.php' not found or unable to stat
[Sat Oct 05 06:45:47.497647 2024] [php:error] [pid 383638:tid 383638] [client 162.158.6.109:59814] script '/var/www/greeniesnowie/up.php' not found or unable to stat
[Sat Oct 05 06:45:48.130906 2024] [php:error] [pid 383640:tid 383640] [client 162.158.6.108:58162] script '/var/www/greeniesnowie/autoload_classmap.php' not found or unable to stat
[Sat Oct 05 06:45:50.144823 2024] [php:error] [pid 383640:tid 383640] [client 162.158.6.108:58162] script '/var/www/greeniesnowie/bs1.php' not found or unable to stat
[Sat Oct 05 06:45:50.557603 2024] [php:error] [pid 383638:tid 383638] [client 162.158.6.109:59814] script '/var/www/greeniesnowie/u.php' not found or unable to stat
[Sat Oct 05 06:45:50.688306 2024] [php:error] [pid 383640:tid 383640] [client 162.158.6.108:58162] script '/var/www/greeniesnowie/ova-wso.php' not found or unable to stat
[Sat Oct 05 06:45:51.188891 2024] [php:error] [pid 383640:tid 383640] [client 162.158.6.108:58162] script '/var/www/greeniesnowie/0x.php' not found or unable to stat
[Sat Oct 05 06:45:51.717712 2024] [php:error] [pid 383640:tid 383640] [client 162.158.6.108:58162] script '/var/www/greeniesnowie/test.php' not found or unable to stat
[Sat Oct 05 06:45:51.973846 2024] [php:error] [pid 383638:tid 383638] [client 162.158.6.109:59814] script '/var/www/greeniesnowie/fm.php' not found or unable to stat
[Sat Oct 05 06:45:52.796852 2024] [php:error] [pid 383640:tid 383640] [client 162.158.6.108:58162] script '/var/www/greeniesnowie/webdb.php' not found or unable to stat
[Sat Oct 05 06:45:53.528501 2024] [php:error] [pid 383640:tid 383640] [client 162.158.6.108:58162] script '/var/www/greeniesnowie/ova.php' not found or unable to stat
[Sat Oct 05 06:45:53.832274 2024] [php:error] [pid 383640:tid 383640] [client 162.158.6.108:58162] script '/var/www/greeniesnowie/bsrdf.php' not found or unable to stat
[Sat Oct 05 06:45:54.383111 2024] [php:error] [pid 383640:tid 383640] [client 162.158.6.108:58162] script '/var/www/greeniesnowie/qgywmjbm.php' not found or unable to stat
[Sat Oct 05 06:45:54.523543 2024] [php:error] [pid 383640:tid 383640] [client 162.158.6.108:58162] script '/var/www/greeniesnowie/SH9JQ3.php' not found or unable to stat
[Sat Oct 05 06:45:54.685383 2024] [php:error] [pid 383638:tid 383638] [client 162.158.6.109:59814] script '/var/www/greeniesnowie/packed.php' not found or unable to stat
[Sat Oct 05 06:45:55.060993 2024] [php:error] [pid 383638:tid 383638] [client 162.158.6.109:59814] script '/var/www/greeniesnowie/goat1.php' not found or unable to stat
[Sat Oct 05 06:45:57.133931 2024] [php:error] [pid 383638:tid 383638] [client 162.158.6.109:59814] script '/var/www/greeniesnowie/x.php' not found or unable to stat
[Sat Oct 05 06:45:57.991028 2024] [php:error] [pid 383638:tid 383638] [client 162.158.6.109:59814] script '/var/www/greeniesnowie/rbzccnnp.php' not found or unable to stat
[Sat Oct 05 06:45:58.864877 2024] [php:error] [pid 383638:tid 383638] [client 162.158.6.109:59814] script '/var/www/greeniesnowie/chosen.php' not found or unable to stat
[Sat Oct 05 06:46:00.638519 2024] [php:error] [pid 383640:tid 383640] [client 162.158.6.108:58162] script '/var/www/greeniesnowie/dnjyoumb.php' not found or unable to stat
[Sat Oct 05 06:46:02.288494 2024] [php:error] [pid 383640:tid 383640] [client 162.158.6.108:58162] script '/var/www/greeniesnowie/adminer.php' not found or unable to stat
[Sat Oct 05 06:46:02.561301 2024] [php:error] [pid 383640:tid 383640] [client 162.158.6.108:58162] script '/var/www/greeniesnowie/wp.php' not found or unable to stat
[Sat Oct 05 06:46:02.957396 2024] [php:error] [pid 383640:tid 383640] [client 162.158.6.108:58162] script '/var/www/greeniesnowie/pwqcgeht.php' not found or unable to stat
[Sat Oct 05 06:46:04.121658 2024] [php:error] [pid 383638:tid 383638] [client 162.158.6.109:59814] script '/var/www/greeniesnowie/sidwsi.php' not found or unable to stat
[Sat Oct 05 06:46:04.545665 2024] [php:error] [pid 383638:tid 383638] [client 162.158.6.109:59814] script '/var/www/greeniesnowie/ova-tools.php' not found or unable to stat
[Sat Oct 05 06:46:06.085143 2024] [php:error] [pid 383640:tid 383640] [client 162.158.6.108:58162] script '/var/www/greeniesnowie/njwrdzrp.php' not found or unable to stat
[Sat Oct 05 06:46:07.116795 2024] [php:error] [pid 383640:tid 383640] [client 162.158.6.108:58162] script '/var/www/greeniesnowie/mari.php' not found or unable to stat
[Sat Oct 05 06:46:08.209586 2024] [php:error] [pid 383638:tid 383638] [client 162.158.6.109:59814] script '/var/www/greeniesnowie/AK-74.php' not found or unable to stat
[Sat Oct 05 06:46:09.334652 2024] [php:error] [pid 383638:tid 383638] [client 162.158.6.109:59814] script '/var/www/greeniesnowie/gecko.php' not found or unable to stat
[Sat Oct 05 06:46:10.789071 2024] [php:error] [pid 383640:tid 383640] [client 162.158.6.108:58162] script '/var/www/greeniesnowie/botwdhur.php' not found or unable to stat
[Sat Oct 05 06:46:12.574779 2024] [php:error] [pid 383638:tid 383638] [client 162.158.6.109:59814] script '/var/www/greeniesnowie/fpvztega.php' not found or unable to stat
[Sat Oct 05 06:46:13.173195 2024] [php:error] [pid 383659:tid 383659] [client 162.158.6.108:53078] script '/var/www/greeniesnowie/file.php' not found or unable to stat
[Sat Oct 05 06:46:13.744148 2024] [php:error] [pid 383659:tid 383659] [client 162.158.6.108:53078] script '/var/www/greeniesnowie/mdpjatct.php' not found or unable to stat
[Sat Oct 05 06:46:14.306014 2024] [php:error] [pid 383638:tid 383638] [client 162.158.6.109:59814] script '/var/www/greeniesnowie/bless.php' not found or unable to stat
[Sat Oct 05 06:46:14.442698 2024] [php:error] [pid 383638:tid 383638] [client 162.158.6.109:59814] script '/var/www/greeniesnowie/mari.php' not found or unable to stat
[Sat Oct 05 06:46:16.772662 2024] [php:error] [pid 383636:tid 383636] [client 162.158.6.109:27912] script '/var/www/greeniesnowie/dir.php' not found or unable to stat
[Sat Oct 05 06:46:17.817660 2024] [php:error] [pid 383636:tid 383636] [client 162.158.6.109:27912] script '/var/www/greeniesnowie/m.php' not found or unable to stat
[Sat Oct 05 06:46:19.337603 2024] [php:error] [pid 383659:tid 383659] [client 162.158.6.108:53078] script '/var/www/greeniesnowie/MARIJUANA.php' not found or unable to stat
[Sat Oct 05 06:46:20.508575 2024] [php:error] [pid 383636:tid 383636] [client 162.158.6.109:27912] script '/var/www/greeniesnowie/library.php' not found or unable to stat
[Sat Oct 05 06:46:20.921697 2024] [php:error] [pid 383659:tid 383659] [client 162.158.6.108:53078] script '/var/www/greeniesnowie/wp-trackback.php' not found or unable to stat
[Sat Oct 05 06:46:21.342420 2024] [php:error] [pid 383636:tid 383636] [client 162.158.6.109:27912] script '/var/www/greeniesnowie/wp-file.php' not found or unable to stat
[Sat Oct 05 06:46:21.658093 2024] [php:error] [pid 383659:tid 383659] [client 162.158.6.108:53078] script '/var/www/greeniesnowie/dirs.php' not found or unable to stat
[Sat Oct 05 06:46:21.920693 2024] [php:error] [pid 383659:tid 383659] [client 162.158.6.108:53078] script '/var/www/greeniesnowie/ggft.php' not found or unable to stat
[Sat Oct 05 06:46:22.371614 2024] [php:error] [pid 383636:tid 383636] [client 162.158.6.109:27912] script '/var/www/greeniesnowie/add.php' not found or unable to stat
[Sat Oct 05 06:46:22.502220 2024] [php:error] [pid 383636:tid 383636] [client 162.158.6.109:27912] script '/var/www/greeniesnowie/custom-header.php' not found or unable to stat
[Sat Oct 05 06:46:23.060583 2024] [php:error] [pid 383659:tid 383659] [client 162.158.6.108:53078] script '/var/www/greeniesnowie/fm1.php' not found or unable to stat
[Sat Oct 05 06:46:23.639495 2024] [php:error] [pid 383659:tid 383659] [client 162.158.6.108:53078] script '/var/www/greeniesnowie/gecko.php' not found or unable to stat
[Sat Oct 05 06:46:24.085630 2024] [php:error] [pid 383636:tid 383636] [client 162.158.6.109:27912] script '/var/www/greeniesnowie/mszydssv.php' not found or unable to stat
[Sat Oct 05 06:46:24.375696 2024] [php:error] [pid 383636:tid 383636] [client 162.158.6.109:27912] script '/var/www/greeniesnowie/lufi.php' not found or unable to stat
[Sat Oct 05 06:46:25.499712 2024] [php:error] [pid 383636:tid 383636] [client 162.158.6.109:27912] script '/var/www/greeniesnowie/qinfofuns.php' not found or unable to stat
[Sat Oct 05 06:46:25.777341 2024] [php:error] [pid 383636:tid 383636] [client 162.158.6.109:27912] script '/var/www/greeniesnowie/init.php' not found or unable to stat
[Sat Oct 05 06:46:27.336703 2024] [php:error] [pid 383659:tid 383659] [client 162.158.6.108:53078] script '/var/www/greeniesnowie/xzltqixj.php' not found or unable to stat
[Sat Oct 05 06:46:27.471763 2024] [php:error] [pid 383636:tid 383636] [client 162.158.6.109:27912] script '/var/www/greeniesnowie/api.php' not found or unable to stat
[Sat Oct 05 06:46:28.207586 2024] [php:error] [pid 383659:tid 383659] [client 162.158.6.108:53078] script '/var/www/greeniesnowie/xl2023.php.php' not found or unable to stat
[Sat Oct 05 06:46:28.940131 2024] [php:error] [pid 383659:tid 383659] [client 162.158.6.108:53078] script '/var/www/greeniesnowie/wp-class.php' not found or unable to stat
[Sat Oct 05 06:46:29.231922 2024] [php:error] [pid 383636:tid 383636] [client 162.158.6.109:27912] script '/var/www/greeniesnowie/crack_self_restore.php' not found or unable to stat
[Sat Oct 05 06:46:30.830957 2024] [php:error] [pid 383659:tid 383659] [client 162.158.6.108:53078] script '/var/www/greeniesnowie/EGH1KS.php' not found or unable to stat
[Sat Oct 05 06:46:30.974634 2024] [php:error] [pid 383636:tid 383636] [client 162.158.6.109:27912] script '/var/www/greeniesnowie/classwithtostring.php' not found or unable to stat
[Sat Oct 05 06:46:31.405974 2024] [php:error] [pid 383659:tid 383659] [client 162.158.6.108:53078] script '/var/www/greeniesnowie/wp-comments-post.php' not found or unable to stat
[Sat Oct 05 06:46:31.730708 2024] [php:error] [pid 383659:tid 383659] [client 162.158.6.108:53078] script '/var/www/greeniesnowie/fw.php' not found or unable to stat
[Sat Oct 05 06:46:32.525027 2024] [php:error] [pid 383636:tid 383636] [client 162.158.6.109:27912] script '/var/www/greeniesnowie/demo.php' not found or unable to stat
[Sat Oct 05 06:46:33.058647 2024] [php:error] [pid 383636:tid 383636] [client 162.158.6.109:27912] script '/var/www/greeniesnowie/screenshot_1.php' not found or unable to stat
[Sat Oct 05 06:46:34.135229 2024] [php:error] [pid 383659:tid 383659] [client 162.158.6.108:53078] script '/var/www/greeniesnowie/manager.php' not found or unable to stat
[Sat Oct 05 06:46:34.572729 2024] [php:error] [pid 383659:tid 383659] [client 162.158.6.108:53078] script '/var/www/greeniesnowie/xl2023.php' not found or unable to stat
[Sat Oct 05 06:46:35.703501 2024] [php:error] [pid 383636:tid 383636] [client 162.158.6.109:27912] script '/var/www/greeniesnowie/log.php' not found or unable to stat
[Sat Oct 05 06:46:35.847594 2024] [php:error] [pid 383659:tid 383659] [client 162.158.6.108:53078] script '/var/www/greeniesnowie/max.php' not found or unable to stat
[Sat Oct 05 06:46:36.140834 2024] [php:error] [pid 383636:tid 383636] [client 162.158.6.109:27912] script '/var/www/greeniesnowie/s.php' not found or unable to stat
[Sat Oct 05 06:46:36.915447 2024] [php:error] [pid 383659:tid 383659] [client 162.158.6.108:53078] script '/var/www/greeniesnowie/kgomwscz.php' not found or unable to stat
[Sat Oct 05 06:46:38.152729 2024] [php:error] [pid 383636:tid 383636] [client 162.158.6.109:27912] script '/var/www/greeniesnowie/datbvwgi.php' not found or unable to stat
[Sat Oct 05 06:46:38.451763 2024] [php:error] [pid 383636:tid 383636] [client 162.158.6.109:27912] script '/var/www/greeniesnowie/inc.php' not found or unable to stat
[Sat Oct 05 06:46:38.742620 2024] [php:error] [pid 383636:tid 383636] [client 162.158.6.109:27912] script '/var/www/greeniesnowie/opd0hh1k.php' not found or unable to stat
[Sat Oct 05 06:46:39.407445 2024] [php:error] [pid 383636:tid 383636] [client 162.158.6.109:27912] script '/var/www/greeniesnowie/plugin.php' not found or unable to stat
[Sat Oct 05 06:46:39.886021 2024] [php:error] [pid 383636:tid 383636] [client 162.158.6.109:27912] script '/var/www/greeniesnowie/contact.php' not found or unable to stat
[Sat Oct 05 06:46:40.160207 2024] [php:error] [pid 383659:tid 383659] [client 162.158.6.108:53078] script '/var/www/greeniesnowie/worksec.php' not found or unable to stat
[Sat Oct 05 06:46:40.580708 2024] [php:error] [pid 383636:tid 383636] [client 162.158.6.109:27912] script '/var/www/greeniesnowie/user.php' not found or unable to stat
[Sat Oct 05 06:46:41.145865 2024] [php:error] [pid 383659:tid 383659] [client 162.158.6.108:53078] script '/var/www/greeniesnowie/6GC9QJ.php' not found or unable to stat
[Sat Oct 05 06:46:42.000389 2024] [php:error] [pid 383636:tid 383636] [client 162.158.6.109:27912] script '/var/www/greeniesnowie/cache.php' not found or unable to stat
[Sat Oct 05 06:46:42.702962 2024] [php:error] [pid 383659:tid 383659] [client 162.158.6.108:53078] script '/var/www/greeniesnowie/assets/chosen343242.php' not found or unable to stat
[Sat Oct 05 06:46:43.289386 2024] [php:error] [pid 383636:tid 383636] [client 162.158.6.109:27912] script '/var/www/greeniesnowie/power.php' not found or unable to stat
[Sat Oct 05 06:46:43.798752 2024] [php:error] [pid 383636:tid 383636] [client 162.158.6.109:27912] script '/var/www/greeniesnowie/0x.php' not found or unable to stat
[Sat Oct 05 06:46:44.448799 2024] [php:error] [pid 383636:tid 383636] [client 162.158.6.109:27912] script '/var/www/greeniesnowie/moderation.php' not found or unable to stat
[Sat Oct 05 06:46:45.396473 2024] [php:error] [pid 383659:tid 383659] [client 162.158.6.108:53078] script '/var/www/greeniesnowie/wp-blog-header.php' not found or unable to stat
[Sat Oct 05 06:46:46.779889 2024] [php:error] [pid 383637:tid 383637] [client 162.158.6.109:59888] script '/var/www/greeniesnowie/srf.php' not found or unable to stat
[Sat Oct 05 06:46:48.003521 2024] [php:error] [pid 383637:tid 383637] [client 162.158.6.109:59888] script '/var/www/greeniesnowie/lig.php' not found or unable to stat
[Sat Oct 05 07:20:34.024027 2024] [php:warn] [pid 383659:tid 383659] [client 172.71.23.30:14086] PHP Warning:  Undefined array key "cf-turnstile-response" in /var/www/greeniesnowie/actions/send-mail.php on line 9, referer: https://greeniesnowie.com/
[Sat Oct 05 07:39:03.063520 2024] [php:warn] [pid 383642:tid 383642] [client 172.71.172.165:22730] PHP Warning:  Undefined array key "cf-turnstile-response" in /var/www/greeniesnowie/actions/send-mail.php on line 9, referer: https://greeniesnowie.com/
[Sat Oct 05 08:21:35.464502 2024] [php:error] [pid 383641:tid 383641] [client 172.71.124.213:53068] script '/var/www/greeniesnowie/xmlrpc.php' not found or unable to stat
[Sun Oct 06 01:27:15.744796 2024] [php:error] [pid 383640:tid 383640] [client 172.71.10.110:64388] script '/var/www/greeniesnowie/wp-login.php' not found or unable to stat, referer: http://greeniesnowie.com/wp-login.php
[Sun Oct 06 06:48:24.973710 2024] [php:warn] [pid 401441:tid 401441] [client 162.158.42.91:33978] PHP Warning:  Undefined array key "first-name" in /var/www/greeniesnowie/actions/send-mail.php on line 3
[Sun Oct 06 06:48:24.973744 2024] [php:warn] [pid 401441:tid 401441] [client 162.158.42.91:33978] PHP Warning:  Undefined array key "last-name" in /var/www/greeniesnowie/actions/send-mail.php on line 4
[Sun Oct 06 06:48:24.973759 2024] [php:warn] [pid 401441:tid 401441] [client 162.158.42.91:33978] PHP Warning:  Undefined array key "phone-number" in /var/www/greeniesnowie/actions/send-mail.php on line 5
[Sun Oct 06 06:48:24.973764 2024] [php:warn] [pid 401441:tid 401441] [client 162.158.42.91:33978] PHP Warning:  Undefined array key "email" in /var/www/greeniesnowie/actions/send-mail.php on line 6
[Sun Oct 06 06:48:24.973767 2024] [php:warn] [pid 401441:tid 401441] [client 162.158.42.91:33978] PHP Warning:  Undefined array key "request" in /var/www/greeniesnowie/actions/send-mail.php on line 7
[Sun Oct 06 06:48:24.973772 2024] [php:warn] [pid 401441:tid 401441] [client 162.158.42.91:33978] PHP Warning:  Undefined array key "cf-turnstile-response" in /var/www/greeniesnowie/actions/send-mail.php on line 9
[Sun Oct 06 09:42:28.861138 2024] [php:warn] [pid 401437:tid 401437] [client 172.68.23.175:55718] PHP Warning:  Undefined array key "first-name" in /var/www/greeniesnowie/actions/send-mail.php on line 3
[Sun Oct 06 09:42:28.861164 2024] [php:warn] [pid 401437:tid 401437] [client 172.68.23.175:55718] PHP Warning:  Undefined array key "last-name" in /var/www/greeniesnowie/actions/send-mail.php on line 4
[Sun Oct 06 09:42:28.861170 2024] [php:warn] [pid 401437:tid 401437] [client 172.68.23.175:55718] PHP Warning:  Undefined array key "phone-number" in /var/www/greeniesnowie/actions/send-mail.php on line 5
[Sun Oct 06 09:42:28.861174 2024] [php:warn] [pid 401437:tid 401437] [client 172.68.23.175:55718] PHP Warning:  Undefined array key "email" in /var/www/greeniesnowie/actions/send-mail.php on line 6
[Sun Oct 06 09:42:28.861178 2024] [php:warn] [pid 401437:tid 401437] [client 172.68.23.175:55718] PHP Warning:  Undefined array key "request" in /var/www/greeniesnowie/actions/send-mail.php on line 7
[Sun Oct 06 09:42:28.861183 2024] [php:warn] [pid 401437:tid 401437] [client 172.68.23.175:55718] PHP Warning:  Undefined array key "cf-turnstile-response" in /var/www/greeniesnowie/actions/send-mail.php on line 9
[Sun Oct 06 17:20:16.020867 2024] [php:warn] [pid 406494:tid 406494] [client 172.68.50.103:50558] PHP Warning:  Undefined array key "cf-turnstile-response" in /var/www/greeniesnowie/actions/send-mail.php on line 9, referer: https://greeniesnowie.com/
[Sun Oct 06 19:51:03.069610 2024] [php:error] [pid 406485:tid 406485] [client 162.158.6.120:61700] script '/var/www/greeniesnowie/admin/function.php' not found or unable to stat
[Sun Oct 06 19:51:03.319309 2024] [php:error] [pid 406489:tid 406489] [client 162.158.6.120:61702] script '/var/www/greeniesnowie/admin.php' not found or unable to stat
[Sun Oct 06 19:51:03.745467 2024] [php:error] [pid 406485:tid 406485] [client 162.158.6.120:61700] script '/var/www/greeniesnowie/lock.php' not found or unable to stat
[Sun Oct 06 19:51:03.872470 2024] [php:error] [pid 406485:tid 406485] [client 162.158.6.120:61700] script '/var/www/greeniesnowie/simple.php' not found or unable to stat
[Sun Oct 06 19:51:04.000894 2024] [php:error] [pid 406485:tid 406485] [client 162.158.6.120:61700] script '/var/www/greeniesnowie/radio.php' not found or unable to stat
[Sun Oct 06 19:51:04.131765 2024] [php:error] [pid 406485:tid 406485] [client 162.158.6.120:61700] script '/var/www/greeniesnowie/wp-mail.php' not found or unable to stat
[Sun Oct 06 19:51:04.415275 2024] [php:error] [pid 406489:tid 406489] [client 162.158.6.120:61702] script '/var/www/greeniesnowie/alfa.php' not found or unable to stat
[Sun Oct 06 19:51:05.165257 2024] [php:error] [pid 406485:tid 406485] [client 162.158.6.120:61700] script '/var/www/greeniesnowie/text.php' not found or unable to stat
[Sun Oct 06 19:51:05.292333 2024] [php:error] [pid 406485:tid 406485] [client 162.158.6.120:61700] script '/var/www/greeniesnowie/autoload_classmap.php' not found or unable to stat
[Sun Oct 06 19:51:05.587710 2024] [php:error] [pid 406485:tid 406485] [client 162.158.6.120:61700] script '/var/www/greeniesnowie/item.php' not found or unable to stat
[Sun Oct 06 19:51:05.726432 2024] [php:error] [pid 406489:tid 406489] [client 162.158.6.120:61702] script '/var/www/greeniesnowie/file.php' not found or unable to stat
[Sun Oct 06 19:51:05.986999 2024] [php:error] [pid 406489:tid 406489] [client 162.158.6.120:61702] script '/var/www/greeniesnowie/mah.php' not found or unable to stat
[Sun Oct 06 19:51:06.276171 2024] [php:error] [pid 406485:tid 406485] [client 162.158.6.120:61700] script '/var/www/greeniesnowie/lv.php' not found or unable to stat
[Sun Oct 06 19:51:06.407805 2024] [php:error] [pid 406485:tid 406485] [client 162.158.6.120:61700] script '/var/www/greeniesnowie/inputs.php' not found or unable to stat
[Sun Oct 06 19:51:06.958641 2024] [php:error] [pid 406485:tid 406485] [client 162.158.6.120:61700] script '/var/www/greeniesnowie/makeasmtp.php' not found or unable to stat
[Sun Oct 06 19:51:07.360471 2024] [php:error] [pid 406485:tid 406485] [client 162.158.6.120:61700] script '/var/www/greeniesnowie/wp-links.php' not found or unable to stat
[Sun Oct 06 19:51:07.632654 2024] [php:error] [pid 406489:tid 406489] [client 162.158.6.120:61702] script '/var/www/greeniesnowie/1.php' not found or unable to stat
[Sun Oct 06 19:51:07.885133 2024] [php:error] [pid 406485:tid 406485] [client 162.158.6.120:61700] script '/var/www/greeniesnowie/alfanew.php' not found or unable to stat
[Sun Oct 06 19:51:08.150311 2024] [php:error] [pid 406485:tid 406485] [client 162.158.6.120:61700] script '/var/www/greeniesnowie/cong.php' not found or unable to stat
[Sun Oct 06 19:51:08.284596 2024] [php:error] [pid 406489:tid 406489] [client 162.158.6.120:61702] script '/var/www/greeniesnowie/as.php' not found or unable to stat
[Sun Oct 06 19:51:08.804395 2024] [php:error] [pid 406485:tid 406485] [client 162.158.6.120:61700] script '/var/www/greeniesnowie/bak.php' not found or unable to stat
[Sun Oct 06 19:51:08.934763 2024] [php:error] [pid 406485:tid 406485] [client 162.158.6.120:61700] script '/var/www/greeniesnowie/wp-info.php' not found or unable to stat
[Sun Oct 06 19:51:09.340389 2024] [php:error] [pid 406489:tid 406489] [client 162.158.6.120:61702] script '/var/www/greeniesnowie/about.php' not found or unable to stat
[Sun Oct 06 19:51:09.877049 2024] [php:error] [pid 406489:tid 406489] [client 162.158.6.120:61702] script '/var/www/greeniesnowie/doc.php' not found or unable to stat
[Sun Oct 06 19:51:10.284355 2024] [php:error] [pid 406485:tid 406485] [client 162.158.6.120:61700] script '/var/www/greeniesnowie/wp-trackback.php' not found or unable to stat
[Sun Oct 06 19:51:10.815402 2024] [php:error] [pid 406485:tid 406485] [client 162.158.6.120:61700] script '/var/www/greeniesnowie/13.php' not found or unable to stat
[Sun Oct 06 19:51:11.221186 2024] [php:error] [pid 406489:tid 406489] [client 162.158.6.120:61702] script '/var/www/greeniesnowie/function.php' not found or unable to stat
[Sun Oct 06 19:51:11.351848 2024] [php:error] [pid 406485:tid 406485] [client 162.158.6.120:61700] script '/var/www/greeniesnowie/jp.php' not found or unable to stat
[Sun Oct 06 19:51:11.627059 2024] [php:error] [pid 406489:tid 406489] [client 162.158.6.120:61702] script '/var/www/greeniesnowie/shell20211028.php' not found or unable to stat
[Sun Oct 06 19:51:11.891095 2024] [php:error] [pid 406485:tid 406485] [client 162.158.6.120:61700] script '/var/www/greeniesnowie/wp-signup.php' not found or unable to stat
[Sun Oct 06 19:51:12.030288 2024] [php:error] [pid 406489:tid 406489] [client 162.158.6.120:61702] script '/var/www/greeniesnowie/atomlib.php' not found or unable to stat
[Sun Oct 06 19:51:12.299294 2024] [php:error] [pid 406489:tid 406489] [client 162.158.6.120:61702] script '/var/www/greeniesnowie/css.php' not found or unable to stat
[Sun Oct 06 19:51:12.560745 2024] [php:error] [pid 406489:tid 406489] [client 162.158.6.120:61702] script '/var/www/greeniesnowie/default.php' not found or unable to stat
[Sun Oct 06 19:51:12.687349 2024] [php:error] [pid 406485:tid 406485] [client 162.158.6.120:61700] script '/var/www/greeniesnowie/info.php' not found or unable to stat
[Sun Oct 06 19:51:13.391396 2024] [php:error] [pid 406485:tid 406485] [client 162.158.6.120:61700] script '/var/www/greeniesnowie/link.php' not found or unable to stat
[Sun Oct 06 19:51:14.182833 2024] [php:error] [pid 406489:tid 406489] [client 162.158.6.120:61702] script '/var/www/greeniesnowie/moon.php' not found or unable to stat
[Sun Oct 06 19:51:15.022743 2024] [php:error] [pid 406485:tid 406485] [client 162.158.6.120:61700] script '/var/www/greeniesnowie/x.php' not found or unable to stat
[Sun Oct 06 19:51:15.154295 2024] [php:error] [pid 406485:tid 406485] [client 162.158.6.120:61700] script '/var/www/greeniesnowie/widgets.php' not found or unable to stat
[Sun Oct 06 19:51:15.434564 2024] [php:error] [pid 406489:tid 406489] [client 162.158.6.120:61702] script '/var/www/greeniesnowie/classwithtostring.php' not found or unable to stat
[Sun Oct 06 19:51:15.573014 2024] [php:error] [pid 406489:tid 406489] [client 162.158.6.120:61702] script '/var/www/greeniesnowie/aks.php' not found or unable to stat
[Sun Oct 06 19:51:16.271281 2024] [php:error] [pid 406489:tid 406489] [client 162.158.6.120:61702] script '/var/www/greeniesnowie/buy.php' not found or unable to stat
[Sun Oct 06 19:51:16.540130 2024] [php:error] [pid 406489:tid 406489] [client 162.158.6.120:61702] script '/var/www/greeniesnowie/install.php' not found or unable to stat
[Sun Oct 06 19:51:16.796269 2024] [php:error] [pid 406485:tid 406485] [client 162.158.6.120:61700] script '/var/www/greeniesnowie/filemanager.php' not found or unable to stat
[Sun Oct 06 19:51:17.214623 2024] [php:error] [pid 406485:tid 406485] [client 162.158.6.120:61700] script '/var/www/greeniesnowie/log.php' not found or unable to stat
[Sun Oct 06 19:51:17.483703 2024] [php:error] [pid 406485:tid 406485] [client 162.158.6.120:61700] script '/var/www/greeniesnowie/mail.php' not found or unable to stat
[Sun Oct 06 19:51:17.614667 2024] [php:error] [pid 406485:tid 406485] [client 162.158.6.120:61700] script '/var/www/greeniesnowie/content.php' not found or unable to stat
[Sun Oct 06 19:51:17.743409 2024] [php:error] [pid 406485:tid 406485] [client 162.158.6.120:61700] script '/var/www/greeniesnowie/upfile.php' not found or unable to stat
[Sun Oct 06 19:51:17.881866 2024] [php:error] [pid 406489:tid 406489] [client 162.158.6.120:61702] script '/var/www/greeniesnowie/wp.php' not found or unable to stat
[Sun Oct 06 19:51:18.035024 2024] [php:error] [pid 406485:tid 406485] [client 162.158.6.120:61700] script '/var/www/greeniesnowie/wp-conflg.php' not found or unable to stat
[Sun Oct 06 19:51:18.170240 2024] [php:error] [pid 406489:tid 406489] [client 162.158.6.120:61702] script '/var/www/greeniesnowie/bypass.php' not found or unable to stat
[Sun Oct 06 19:51:18.308237 2024] [php:error] [pid 406485:tid 406485] [client 162.158.6.120:61700] script '/var/www/greeniesnowie/updates.php' not found or unable to stat
[Sun Oct 06 19:51:18.452111 2024] [php:error] [pid 406485:tid 406485] [client 162.158.6.120:61700] script '/var/www/greeniesnowie/xmrlpc.php' not found or unable to stat
[Sun Oct 06 19:51:18.581087 2024] [php:error] [pid 406485:tid 406485] [client 162.158.6.120:61700] script '/var/www/greeniesnowie/ae.php' not found or unable to stat
[Sun Oct 06 19:51:18.714017 2024] [php:error] [pid 406489:tid 406489] [client 162.158.6.120:61702] script '/var/www/greeniesnowie/blog.php' not found or unable to stat
[Sun Oct 06 19:51:18.843921 2024] [php:error] [pid 406485:tid 406485] [client 162.158.6.120:61700] script '/var/www/greeniesnowie/themes.php' not found or unable to stat
[Sun Oct 06 19:51:18.982842 2024] [php:error] [pid 406489:tid 406489] [client 162.158.6.120:61702] script '/var/www/greeniesnowie/ini.php' not found or unable to stat
[Sun Oct 06 19:51:19.114742 2024] [php:error] [pid 406485:tid 406485] [client 162.158.6.120:61700] script '/var/www/greeniesnowie/shell.php' not found or unable to stat
[Sun Oct 06 19:51:19.254278 2024] [php:error] [pid 406489:tid 406489] [client 162.158.6.120:61702] script '/var/www/greeniesnowie/ws.php' not found or unable to stat
[Sun Oct 06 19:51:19.387293 2024] [php:error] [pid 406489:tid 406489] [client 162.158.6.120:61702] script '/var/www/greeniesnowie/dropdown.php' not found or unable to stat
[Sun Oct 06 19:51:19.520367 2024] [php:error] [pid 406489:tid 406489] [client 162.158.6.120:61702] script '/var/www/greeniesnowie/wp-sigunq.php' not found or unable to stat
[Sun Oct 06 19:51:19.669022 2024] [php:error] [pid 406489:tid 406489] [client 162.158.6.120:61702] script '/var/www/greeniesnowie/wso112233.php' not found or unable to stat
[Sun Oct 06 19:51:19.799258 2024] [php:error] [pid 406485:tid 406485] [client 162.158.6.120:61700] script '/var/www/greeniesnowie/fw.php' not found or unable to stat
[Sun Oct 06 19:51:19.934328 2024] [php:error] [pid 406485:tid 406485] [client 162.158.6.120:61700] script '/var/www/greeniesnowie/wp-login.php' not found or unable to stat
[Sun Oct 06 19:51:20.190590 2024] [php:error] [pid 406485:tid 406485] [client 162.158.6.120:61700] script '/var/www/greeniesnowie/chosen.php' not found or unable to stat
[Sun Oct 06 19:51:20.319586 2024] [php:error] [pid 406485:tid 406485] [client 162.158.6.120:61700] script '/var/www/greeniesnowie/classsmtps.php' not found or unable to stat
[Sun Oct 06 19:51:20.444138 2024] [php:error] [pid 406485:tid 406485] [client 162.158.6.120:61700] script '/var/www/greeniesnowie/wp-blog-header.php' not found or unable to stat
[Sun Oct 06 19:51:20.584322 2024] [php:error] [pid 406485:tid 406485] [client 162.158.6.120:61700] script '/var/www/greeniesnowie/wp-comments-post.php' not found or unable to stat
[Sun Oct 06 19:51:20.714633 2024] [php:error] [pid 406485:tid 406485] [client 162.158.6.120:61700] script '/var/www/greeniesnowie/wp-cron.php' not found or unable to stat
[Sun Oct 06 19:51:20.844245 2024] [php:error] [pid 406485:tid 406485] [client 162.158.6.120:61700] script '/var/www/greeniesnowie/wp-load.php' not found or unable to stat
[Sun Oct 06 19:51:20.974372 2024] [php:error] [pid 406485:tid 406485] [client 162.158.6.120:61700] script '/var/www/greeniesnowie/edit.php' not found or unable to stat
[Sun Oct 06 19:51:21.103532 2024] [php:error] [pid 406485:tid 406485] [client 162.158.6.120:61700] script '/var/www/greeniesnowie/wp-activate.php' not found or unable to stat
[Sun Oct 06 19:51:21.236435 2024] [php:error] [pid 406485:tid 406485] [client 162.158.6.120:61700] script '/var/www/greeniesnowie/plugins.php' not found or unable to stat
[Sun Oct 06 19:51:21.363171 2024] [php:error] [pid 406485:tid 406485] [client 162.158.6.120:61700] script '/var/www/greeniesnowie/post.php' not found or unable to stat
[Sun Oct 06 19:51:21.492920 2024] [php:error] [pid 406485:tid 406485] [client 162.158.6.120:61700] script '/var/www/greeniesnowie/wp-2019.php' not found or unable to stat
[Sun Oct 06 19:51:21.631589 2024] [php:error] [pid 406485:tid 406485] [client 162.158.6.120:61700] script '/var/www/greeniesnowie/2index.php' not found or unable to stat
[Sun Oct 06 19:51:21.773198 2024] [php:error] [pid 406489:tid 406489] [client 162.158.6.120:61702] script '/var/www/greeniesnowie/C.php' not found or unable to stat
[Sun Oct 06 19:51:21.904306 2024] [php:error] [pid 406485:tid 406485] [client 162.158.6.120:61700] script '/var/www/greeniesnowie/c.php' not found or unable to stat
[Sun Oct 06 19:51:22.031202 2024] [php:error] [pid 406485:tid 406485] [client 162.158.6.120:61700] script '/var/www/greeniesnowie/01.php' not found or unable to stat
[Sun Oct 06 19:51:22.159171 2024] [php:error] [pid 406485:tid 406485] [client 162.158.6.120:61700] script '/var/www/greeniesnowie/02.php' not found or unable to stat
[Sun Oct 06 19:51:22.290303 2024] [php:error] [pid 406489:tid 406489] [client 162.158.6.120:61702] script '/var/www/greeniesnowie/mini.php' not found or unable to stat
[Sun Oct 06 19:51:22.424140 2024] [php:error] [pid 406489:tid 406489] [client 162.158.6.120:61702] script '/var/www/greeniesnowie/403.php' not found or unable to stat
[Sun Oct 06 19:51:22.559120 2024] [php:error] [pid 406489:tid 406489] [client 162.158.6.120:61702] script '/var/www/greeniesnowie/wso.php' not found or unable to stat
[Sun Oct 06 19:51:22.694593 2024] [php:error] [pid 406489:tid 406489] [client 162.158.6.120:61702] script '/var/www/greeniesnowie/wp-22.php' not found or unable to stat
[Sun Oct 06 19:51:22.826703 2024] [php:error] [pid 406485:tid 406485] [client 162.158.6.120:61700] script '/var/www/greeniesnowie/1index.php' not found or unable to stat
[Sun Oct 06 19:51:22.960119 2024] [php:error] [pid 406489:tid 406489] [client 162.158.6.120:61702] script '/var/www/greeniesnowie/marijuana.php' not found or unable to stat
[Sun Oct 06 19:51:23.098393 2024] [php:error] [pid 406489:tid 406489] [client 162.158.6.120:61702] script '/var/www/greeniesnowie/good.php' not found or unable to stat
[Sun Oct 06 19:51:23.239120 2024] [php:error] [pid 406489:tid 406489] [client 162.158.6.120:61702] script '/var/www/greeniesnowie/up.php' not found or unable to stat
[Sun Oct 06 19:51:23.387948 2024] [php:error] [pid 406489:tid 406489] [client 162.158.6.120:61702] script '/var/www/greeniesnowie/crack_self_restore.php' not found or unable to stat
[Sun Oct 06 19:51:23.658281 2024] [php:error] [pid 406489:tid 406489] [client 162.158.6.120:61702] script '/var/www/greeniesnowie/menu.php' not found or unable to stat
[Sun Oct 06 19:51:25.149928 2024] [php:error] [pid 406489:tid 406489] [client 162.158.6.120:61702] script '/var/www/greeniesnowie/session.php' not found or unable to stat
[Sun Oct 06 19:51:25.421339 2024] [php:error] [pid 406485:tid 406485] [client 162.158.6.120:61700] script '/var/www/greeniesnowie/wp-apxupx.php' not found or unable to stat
[Sun Oct 06 19:51:26.233202 2024] [php:error] [pid 406489:tid 406489] [client 162.158.6.120:61702] script '/var/www/greeniesnowie/ova-tools.php' not found or unable to stat
[Sun Oct 06 19:51:26.632046 2024] [php:error] [pid 406489:tid 406489] [client 162.158.6.120:61702] script '/var/www/greeniesnowie/class.api.php' not found or unable to stat
[Sun Oct 06 19:51:26.764816 2024] [php:error] [pid 406485:tid 406485] [client 162.158.6.120:61700] script '/var/www/greeniesnowie/abe.php' not found or unable to stat
[Sun Oct 06 19:51:26.914148 2024] [php:error] [pid 406489:tid 406489] [client 162.158.6.120:61702] script '/var/www/greeniesnowie/htaccess.php' not found or unable to stat
[Sun Oct 06 19:51:27.186632 2024] [php:error] [pid 406489:tid 406489] [client 162.158.6.120:61702] script '/var/www/greeniesnowie/byp.php' not found or unable to stat
[Sun Oct 06 19:51:27.611968 2024] [php:error] [pid 406489:tid 406489] [client 162.158.6.120:61702] script '/var/www/greeniesnowie/yanz.php' not found or unable to stat
[Sun Oct 06 19:51:27.744704 2024] [php:error] [pid 406485:tid 406485] [client 162.158.6.120:61700] script '/var/www/greeniesnowie/click.php' not found or unable to stat
[Sun Oct 06 19:51:27.875885 2024] [php:error] [pid 406489:tid 406489] [client 162.158.6.120:61702] script '/var/www/greeniesnowie/goat1.php' not found or unable to stat
[Sun Oct 06 19:51:28.414627 2024] [php:error] [pid 406485:tid 406485] [client 162.158.6.120:61700] script '/var/www/greeniesnowie/sidwsi.php' not found or unable to stat
[Sun Oct 06 19:51:28.552228 2024] [php:error] [pid 406489:tid 406489] [client 162.158.6.120:61702] script '/var/www/greeniesnowie/upgrade.php' not found or unable to stat
[Sun Oct 06 19:51:29.068478 2024] [php:error] [pid 406485:tid 406485] [client 162.158.6.120:61700] script '/var/www/greeniesnowie/minik.php' not found or unable to stat
[Sun Oct 06 19:51:29.198670 2024] [php:error] [pid 406485:tid 406485] [client 162.158.6.120:61700] script '/var/www/greeniesnowie/options.php' not found or unable to stat
[Sun Oct 06 19:51:29.476657 2024] [php:error] [pid 406485:tid 406485] [client 162.158.6.120:61700] script '/var/www/greeniesnowie/style.php' not found or unable to stat
[Sun Oct 06 19:51:30.392201 2024] [php:error] [pid 406489:tid 406489] [client 162.158.6.120:61702] script '/var/www/greeniesnowie/cc.php' not found or unable to stat
[Sun Oct 06 19:51:30.820089 2024] [php:error] [pid 406489:tid 406489] [client 162.158.6.120:61702] script '/var/www/greeniesnowie/wp-mail.php' not found or unable to stat
[Sun Oct 06 19:51:31.487352 2024] [php:error] [pid 406487:tid 406487] [client 162.158.6.120:38684] script '/var/www/greeniesnowie/moon.php' not found or unable to stat
[Sun Oct 06 19:51:31.883782 2024] [php:error] [pid 406487:tid 406487] [client 162.158.6.120:38684] script '/var/www/greeniesnowie/worksec.php' not found or unable to stat
[Sun Oct 06 19:51:32.426601 2024] [php:error] [pid 406487:tid 406487] [client 162.158.6.120:38684] script '/var/www/greeniesnowie/siteheads.php' not found or unable to stat
[Sun Oct 06 19:51:32.556523 2024] [php:error] [pid 406487:tid 406487] [client 162.158.6.120:38684] script '/var/www/greeniesnowie/2.php' not found or unable to stat
[Sun Oct 06 19:51:33.920626 2024] [php:error] [pid 406491:tid 406491] [client 162.158.6.121:35774] script '/var/www/greeniesnowie/wp-config-sample.php' not found or unable to stat
[Sun Oct 06 19:51:34.270685 2024] [php:error] [pid 406487:tid 406487] [client 162.158.6.120:38684] script '/var/www/greeniesnowie/wp_wrong_datlib.php' not found or unable to stat
[Sun Oct 06 19:51:34.411901 2024] [php:error] [pid 406491:tid 406491] [client 162.158.6.121:35774] script '/var/www/greeniesnowie/wikindex.php' not found or unable to stat
[Sun Oct 06 19:51:35.112575 2024] [php:error] [pid 406491:tid 406491] [client 162.158.6.121:35774] script '/var/www/greeniesnowie/4price.php' not found or unable to stat
[Sun Oct 06 19:51:35.251384 2024] [php:error] [pid 406491:tid 406491] [client 162.158.6.121:35774] script '/var/www/greeniesnowie/utchiha.php' not found or unable to stat
[Sun Oct 06 19:51:36.051451 2024] [php:error] [pid 406491:tid 406491] [client 162.158.6.121:35774] script '/var/www/greeniesnowie/plugin.php' not found or unable to stat
[Sun Oct 06 19:51:36.892178 2024] [php:error] [pid 406491:tid 406491] [client 162.158.6.121:35774] script '/var/www/greeniesnowie/db.php' not found or unable to stat
[Sun Oct 06 19:51:37.579490 2024] [php:error] [pid 406491:tid 406491] [client 162.158.6.121:35774] script '/var/www/greeniesnowie/xl2023.php' not found or unable to stat
[Sun Oct 06 19:51:38.550937 2024] [php:error] [pid 406487:tid 406487] [client 162.158.6.120:38684] script '/var/www/greeniesnowie/wp-atom.php' not found or unable to stat
[Sun Oct 06 19:51:39.094137 2024] [php:error] [pid 406487:tid 406487] [client 162.158.6.120:38684] script '/var/www/greeniesnowie/wp-head.php' not found or unable to stat
[Sun Oct 06 19:51:40.579825 2024] [php:error] [pid 406491:tid 406491] [client 162.158.6.121:35774] script '/var/www/greeniesnowie/0x.php' not found or unable to stat
[Sun Oct 06 19:51:40.989463 2024] [php:error] [pid 406487:tid 406487] [client 162.158.6.120:38684] script '/var/www/greeniesnowie/class.php' not found or unable to stat
[Sun Oct 06 19:51:41.666584 2024] [php:error] [pid 406491:tid 406491] [client 162.158.6.121:35774] script '/var/www/greeniesnowie/wp-files.php' not found or unable to stat
[Sun Oct 06 19:51:42.581918 2024] [php:error] [pid 406491:tid 406491] [client 162.158.6.121:35774] script '/var/www/greeniesnowie/upload.php' not found or unable to stat
[Sun Oct 06 19:51:42.848406 2024] [php:error] [pid 406487:tid 406487] [client 162.158.6.120:38684] script '/var/www/greeniesnowie/bless.php' not found or unable to stat
[Sun Oct 06 19:51:42.983200 2024] [php:error] [pid 406491:tid 406491] [client 162.158.6.121:35774] script '/var/www/greeniesnowie/about.php' not found or unable to stat
[Sun Oct 06 19:51:43.268770 2024] [php:error] [pid 406491:tid 406491] [client 162.158.6.121:35774] script '/var/www/greeniesnowie/options-discussion.php' not found or unable to stat
[Sun Oct 06 19:51:43.408490 2024] [php:error] [pid 406487:tid 406487] [client 162.158.6.120:38684] script '/var/www/greeniesnowie/tiny.php' not found or unable to stat
[Sun Oct 06 19:51:44.483742 2024] [php:error] [pid 406487:tid 406487] [client 162.158.6.120:38684] script '/var/www/greeniesnowie/gif.php' not found or unable to stat
[Sun Oct 06 19:51:44.760096 2024] [php:error] [pid 406491:tid 406491] [client 162.158.6.121:35774] script '/var/www/greeniesnowie/license.php' not found or unable to stat
[Sun Oct 06 19:51:44.895540 2024] [php:error] [pid 406491:tid 406491] [client 162.158.6.121:35774] script '/var/www/greeniesnowie/test.php' not found or unable to stat
[Sun Oct 06 19:51:45.165432 2024] [php:error] [pid 406487:tid 406487] [client 162.158.6.120:38684] script '/var/www/greeniesnowie/ethan.php' not found or unable to stat
[Sun Oct 06 19:51:45.450438 2024] [php:error] [pid 406487:tid 406487] [client 162.158.6.120:38684] script '/var/www/greeniesnowie/defaults.php' not found or unable to stat
[Sun Oct 06 19:51:45.579453 2024] [php:error] [pid 406487:tid 406487] [client 162.158.6.120:38684] script '/var/www/greeniesnowie/network.php' not found or unable to stat
[Sun Oct 06 19:51:46.280896 2024] [php:error] [pid 406487:tid 406487] [client 162.158.6.120:38684] script '/var/www/greeniesnowie/mycommand.php' not found or unable to stat
[Sun Oct 06 19:51:46.681852 2024] [php:error] [pid 406487:tid 406487] [client 162.158.6.120:38684] script '/var/www/greeniesnowie/web.php' not found or unable to stat
[Sun Oct 06 19:51:46.815545 2024] [php:error] [pid 406491:tid 406491] [client 162.158.6.121:35774] script '/var/www/greeniesnowie/wp-admin.php' not found or unable to stat
[Sun Oct 06 19:51:46.965386 2024] [php:error] [pid 406491:tid 406491] [client 162.158.6.121:35774] script '/var/www/greeniesnowie/update-core.php' not found or unable to stat
[Sun Oct 06 19:51:47.782368 2024] [php:error] [pid 406491:tid 406491] [client 162.158.6.121:35774] script '/var/www/greeniesnowie/cloud.php' not found or unable to stat
[Sun Oct 06 19:51:51.734753 2024] [php:error] [pid 406487:tid 406487] [client 162.158.6.120:38684] script '/var/www/greeniesnowie/admin-post.php' not found or unable to stat
[Sun Oct 06 19:51:51.999202 2024] [php:error] [pid 406487:tid 406487] [client 162.158.6.120:38684] script '/var/www/greeniesnowie/ajax-actions.php' not found or unable to stat
[Sun Oct 06 19:51:52.415401 2024] [php:error] [pid 406487:tid 406487] [client 162.158.6.120:38684] script '/var/www/greeniesnowie/avaa.php' not found or unable to stat
[Sun Oct 06 19:51:52.560787 2024] [php:error] [pid 406491:tid 406491] [client 162.158.6.121:35774] script '/var/www/greeniesnowie/cache-compat.php' not found or unable to stat
[Sun Oct 06 19:51:54.614577 2024] [php:error] [pid 406487:tid 406487] [client 162.158.6.120:38684] script '/var/www/greeniesnowie/lufix.php' not found or unable to stat
