[Tue Oct 01 14:56:16.827430 2024] [php:error] [pid 343271:tid 343271] [client 172.68.50.121:20992] PHP Fatal error:  Uncaught mysqli_sql_exception: Access denied for user 'root'@'localhost' in /var/www/greeniesnowie/config.php:3\nStack trace:\n#0 /var/www/greeniesnowie/config.php(3): mysqli_connect()\n#1 /var/www/greeniesnowie/index.php(2): require('...')\n#2 {main}\n  thrown in /var/www/greeniesnowie/config.php on line 3
[Wed Oct 02 14:51:23.118781 2024] [php:warn] [pid 352538:tid 352538] [client 172.71.31.79:38920] PHP Warning:  Undefined array key "password" in /var/www/greeniesnowie/admin/index.php on line 5
[Wed Oct 02 14:51:23.118802 2024] [php:warn] [pid 352538:tid 352538] [client 172.71.31.79:38920] PHP Warning:  Undefined variable $totalmails in /var/www/greeniesnowie/admin/index.php on line 68
[Wed Oct 02 14:51:23.118807 2024] [php:warn] [pid 352538:tid 352538] [client 172.71.31.79:38920] PHP Warning:  Undefined variable $totalnewsletter in /var/www/greeniesnowie/admin/index.php on line 72
[Wed Oct 02 14:51:31.907245 2024] [php:warn] [pid 352544:tid 352544] [client 172.70.211.76:57452] PHP Warning:  Undefined array key "password" in /var/www/greeniesnowie/admin/index.php on line 5
[Wed Oct 02 14:51:31.907276 2024] [php:warn] [pid 352544:tid 352544] [client 172.70.211.76:57452] PHP Warning:  Undefined variable $totalmails in /var/www/greeniesnowie/admin/index.php on line 68
[Wed Oct 02 14:51:31.907280 2024] [php:warn] [pid 352544:tid 352544] [client 172.70.211.76:57452] PHP Warning:  Undefined variable $totalnewsletter in /var/www/greeniesnowie/admin/index.php on line 72
[Wed Oct 02 14:51:42.481742 2024] [php:warn] [pid 352538:tid 352538] [client 172.70.211.75:63184] PHP Warning:  Undefined array key "password" in /var/www/greeniesnowie/admin/index.php on line 5, referer: https://greeniesnowie.ca/
[Wed Oct 02 14:51:42.481777 2024] [php:warn] [pid 352538:tid 352538] [client 172.70.211.75:63184] PHP Warning:  Undefined variable $totalmails in /var/www/greeniesnowie/admin/index.php on line 68, referer: https://greeniesnowie.ca/
[Wed Oct 02 14:51:42.481783 2024] [php:warn] [pid 352538:tid 352538] [client 172.70.211.75:63184] PHP Warning:  Undefined variable $totalnewsletter in /var/www/greeniesnowie/admin/index.php on line 72, referer: https://greeniesnowie.ca/
[Wed Oct 02 14:51:46.381309 2024] [php:warn] [pid 352538:tid 352538] [client 172.70.211.75:63184] PHP Warning:  Undefined array key "password" in /var/www/greeniesnowie/admin/index.php on line 5, referer: https://greeniesnowie.ca/
[Wed Oct 02 14:51:46.381333 2024] [php:warn] [pid 352538:tid 352538] [client 172.70.211.75:63184] PHP Warning:  Undefined variable $totalmails in /var/www/greeniesnowie/admin/index.php on line 68, referer: https://greeniesnowie.ca/
[Wed Oct 02 14:51:46.381338 2024] [php:warn] [pid 352538:tid 352538] [client 172.70.211.75:63184] PHP Warning:  Undefined variable $totalnewsletter in /var/www/greeniesnowie/admin/index.php on line 72, referer: https://greeniesnowie.ca/
[Wed Oct 02 14:52:00.510269 2024] [php:warn] [pid 352544:tid 352544] [client 172.68.50.176:37648] PHP Warning:  Undefined array key "password" in /var/www/greeniesnowie/admin/index.php on line 5
[Wed Oct 02 14:52:00.510314 2024] [php:warn] [pid 352544:tid 352544] [client 172.68.50.176:37648] PHP Warning:  Undefined variable $totalmails in /var/www/greeniesnowie/admin/index.php on line 68
[Wed Oct 02 14:52:00.510319 2024] [php:warn] [pid 352544:tid 352544] [client 172.68.50.176:37648] PHP Warning:  Undefined variable $totalnewsletter in /var/www/greeniesnowie/admin/index.php on line 72
[Wed Oct 02 14:52:37.239666 2024] [php:warn] [pid 352572:tid 352572] [client 172.68.50.176:49664] PHP Warning:  Undefined array key "password" in /var/www/greeniesnowie/admin/index.php on line 5, referer: https://greeniesnowie.ca/
[Wed Oct 02 14:52:37.239700 2024] [php:warn] [pid 352572:tid 352572] [client 172.68.50.176:49664] PHP Warning:  Undefined variable $totalmails in /var/www/greeniesnowie/admin/index.php on line 68, referer: https://greeniesnowie.ca/
[Wed Oct 02 14:52:37.239705 2024] [php:warn] [pid 352572:tid 352572] [client 172.68.50.176:49664] PHP Warning:  Undefined variable $totalnewsletter in /var/www/greeniesnowie/admin/index.php on line 72, referer: https://greeniesnowie.ca/
[Wed Oct 02 14:54:31.286039 2024] [php:warn] [pid 352550:tid 352550] [client 141.101.105.129:20866] PHP Warning:  Undefined array key "password" in /var/www/greeniesnowie/admin/index.php on line 5, referer: https://greeniesnowie.ca/
[Wed Oct 02 14:54:31.286059 2024] [php:warn] [pid 352550:tid 352550] [client 141.101.105.129:20866] PHP Warning:  Undefined array key "password" in /var/www/greeniesnowie/admin/index.php on line 6, referer: https://greeniesnowie.ca/
[Wed Oct 02 14:54:31.286070 2024] [php:warn] [pid 352550:tid 352550] [client 141.101.105.129:20866] PHP Warning:  Undefined variable $totalmails in /var/www/greeniesnowie/admin/index.php on line 68, referer: https://greeniesnowie.ca/
[Wed Oct 02 14:54:31.286074 2024] [php:warn] [pid 352550:tid 352550] [client 141.101.105.129:20866] PHP Warning:  Undefined variable $totalnewsletter in /var/www/greeniesnowie/admin/index.php on line 72, referer: https://greeniesnowie.ca/
[Wed Oct 02 14:58:36.963949 2024] [php:warn] [pid 352543:tid 352543] [client 162.158.186.221:53352] PHP Warning:  Undefined array key "password" in /var/www/greeniesnowie/admin/newsletter.php on line 5, referer: https://greeniesnowie.ca/
[Wed Oct 02 14:58:36.963984 2024] [php:warn] [pid 352543:tid 352543] [client 162.158.186.221:53352] PHP Warning:  Undefined variable $prep in /var/www/greeniesnowie/admin/newsletter.php on line 74, referer: https://greeniesnowie.ca/
[Wed Oct 02 14:58:43.750979 2024] [php:warn] [pid 352545:tid 352545] [client 162.158.186.220:45356] PHP Warning:  Undefined array key "password" in /var/www/greeniesnowie/admin/index.php on line 5, referer: https://greeniesnowie.ca/
[Wed Oct 02 14:58:43.751016 2024] [php:warn] [pid 352545:tid 352545] [client 162.158.186.220:45356] PHP Warning:  Undefined variable $totalmails in /var/www/greeniesnowie/admin/index.php on line 68, referer: https://greeniesnowie.ca/
[Wed Oct 02 14:58:43.751024 2024] [php:warn] [pid 352545:tid 352545] [client 162.158.186.220:45356] PHP Warning:  Undefined variable $totalnewsletter in /var/www/greeniesnowie/admin/index.php on line 72, referer: https://greeniesnowie.ca/
[Wed Oct 02 14:58:48.517908 2024] [php:warn] [pid 352545:tid 352545] [client 162.158.186.220:45356] PHP Warning:  Undefined array key "password" in /var/www/greeniesnowie/admin/newsletter.php on line 5, referer: https://greeniesnowie.ca/
[Wed Oct 02 14:58:48.517937 2024] [php:warn] [pid 352545:tid 352545] [client 162.158.186.220:45356] PHP Warning:  Undefined variable $prep in /var/www/greeniesnowie/admin/newsletter.php on line 74, referer: https://greeniesnowie.ca/
[Wed Oct 02 15:07:37.741533 2024] [php:error] [pid 352627:tid 352627] [client 162.158.186.146:64746] PHP Fatal error:  Uncaught TypeError: mysqli_num_rows(): Argument #1 ($result) must be of type mysqli_result, bool given in /var/www/greeniesnowie/config.php:33\nStack trace:\n#0 /var/www/greeniesnowie/config.php(33): mysqli_num_rows()\n#1 /var/www/greeniesnowie/actions/unsubscribe.php(7): SQL()\n#2 {main}\n  thrown in /var/www/greeniesnowie/config.php on line 33
[Wed Oct 02 15:08:22.103313 2024] [php:error] [pid 352718:tid 352718] [client 108.162.221.4:58218] PHP Parse error:  syntax error, unexpected variable "$GET", expecting ")" in /var/www/greeniesnowie/index.php on line 13
[Wed Oct 02 15:10:22.898354 2024] [php:warn] [pid 352546:tid 352546] [client 172.68.50.123:58942] PHP Warning:  Undefined array key "password" in /var/www/greeniesnowie/admin/newsletter.php on line 5, referer: https://greeniesnowie.ca/
[Wed Oct 02 15:10:22.898393 2024] [php:warn] [pid 352546:tid 352546] [client 172.68.50.123:58942] PHP Warning:  Undefined variable $prep in /var/www/greeniesnowie/admin/newsletter.php on line 74, referer: https://greeniesnowie.ca/
[Wed Oct 02 15:16:54.097164 2024] [php:error] [pid 352628:tid 352628] [client 172.68.50.30:46720] PHP Parse error:  syntax error, unexpected token "}" in /var/www/greeniesnowie/admin/delete-user.php on line 13, referer: https://greeniesnowie.ca/admin/newsletter.php
[Wed Oct 02 15:17:37.498931 2024] [php:error] [pid 352550:tid 352550] [client 141.101.105.17:43118] PHP Fatal error:  Uncaught TypeError: mysqli_num_rows(): Argument #1 ($result) must be of type mysqli_result, bool given in /var/www/greeniesnowie/config.php:33\nStack trace:\n#0 /var/www/greeniesnowie/config.php(33): mysqli_num_rows()\n#1 /var/www/greeniesnowie/admin/delete-user.php(11): SQL()\n#2 {main}\n  thrown in /var/www/greeniesnowie/config.php on line 33
[Wed Oct 02 15:17:58.641024 2024] [php:error] [pid 352718:tid 352718] [client 141.101.105.18:28028] PHP Fatal error:  Uncaught TypeError: mysqli_num_rows(): Argument #1 ($result) must be of type mysqli_result, bool given in /var/www/greeniesnowie/config.php:33\nStack trace:\n#0 /var/www/greeniesnowie/config.php(33): mysqli_num_rows()\n#1 /var/www/greeniesnowie/admin/delete-user.php(11): SQL()\n#2 {main}\n  thrown in /var/www/greeniesnowie/config.php on line 33, referer: https://greeniesnowie.ca/admin/newsletter.php
[Wed Oct 02 15:18:37.468525 2024] [php:error] [pid 352934:tid 352934] [client 172.68.50.179:55752] PHP Fatal error:  Uncaught TypeError: mysqli_num_rows(): Argument #1 ($result) must be of type mysqli_result, bool given in /var/www/greeniesnowie/config.php:33\nStack trace:\n#0 /var/www/greeniesnowie/config.php(33): mysqli_num_rows()\n#1 /var/www/greeniesnowie/admin/delete-user.php(11): SQL()\n#2 {main}\n  thrown in /var/www/greeniesnowie/config.php on line 33, referer: https://greeniesnowie.ca/admin/newsletter.php
[Wed Oct 02 15:19:40.292618 2024] [php:error] [pid 353038:tid 353038] [client 172.70.206.30:54424] PHP Parse error:  syntax error, unexpected token "}" in /var/www/greeniesnowie/actions/unsubscribe.php on line 9
[Wed Oct 02 15:19:54.467683 2024] [php:error] [pid 353051:tid 353051] [client 172.68.50.233:9574] PHP Fatal error:  Uncaught TypeError: mysqli_num_rows(): Argument #1 ($result) must be of type mysqli_result, bool given in /var/www/greeniesnowie/config.php:33\nStack trace:\n#0 /var/www/greeniesnowie/config.php(33): mysqli_num_rows()\n#1 /var/www/greeniesnowie/admin/delete-user.php(11): SQL()\n#2 {main}\n  thrown in /var/www/greeniesnowie/config.php on line 33, referer: https://greeniesnowie.ca/admin/newsletter.php
[Wed Oct 02 15:19:56.069071 2024] [php:error] [pid 353055:tid 353055] [client 172.68.50.232:15552] PHP Fatal error:  Uncaught TypeError: mysqli_num_rows(): Argument #1 ($result) must be of type mysqli_result, bool given in /var/www/greeniesnowie/config.php:33\nStack trace:\n#0 /var/www/greeniesnowie/config.php(33): mysqli_num_rows()\n#1 /var/www/greeniesnowie/admin/delete-user.php(11): SQL()\n#2 {main}\n  thrown in /var/www/greeniesnowie/config.php on line 33, referer: https://greeniesnowie.ca/admin/newsletter.php
[Wed Oct 02 15:21:43.620905 2024] [php:error] [pid 353051:tid 353051] [client 162.158.186.42:60876] PHP Parse error:  syntax error, unexpected token "}" in /var/www/greeniesnowie/actions/unsubscribe.php on line 15
[Wed Oct 02 15:22:20.514092 2024] [php:error] [pid 353012:tid 353012] [client 172.69.70.170:54306] PHP Parse error:  syntax error, unexpected token "}" in /var/www/greeniesnowie/actions/unsubscribe.php on line 15
[Wed Oct 02 15:22:23.663708 2024] [php:error] [pid 353010:tid 353010] [client 172.70.211.26:45664] PHP Parse error:  syntax error, unexpected token "}" in /var/www/greeniesnowie/actions/unsubscribe.php on line 15
[Wed Oct 02 15:22:24.861904 2024] [php:error] [pid 353018:tid 353018] [client 172.68.50.31:51538] PHP Parse error:  syntax error, unexpected token "}" in /var/www/greeniesnowie/actions/unsubscribe.php on line 15
[Wed Oct 02 23:43:18.381468 2024] [php:error] [pid 353012:tid 353012] [client 162.158.49.76:26126] script '/var/www/greeniesnowie/jindex.php' not found or unable to stat
[Wed Oct 02 23:43:19.809657 2024] [php:error] [pid 353011:tid 353011] [client 162.158.49.77:40338] script '/var/www/greeniesnowie/ufdqlzwb.php' not found or unable to stat
[Wed Oct 02 23:43:20.610782 2024] [php:error] [pid 353012:tid 353012] [client 162.158.49.76:26126] script '/var/www/greeniesnowie/yumhbntb.php' not found or unable to stat
[Wed Oct 02 23:43:20.745562 2024] [php:error] [pid 353011:tid 353011] [client 162.158.49.77:40338] script '/var/www/greeniesnowie/system.php' not found or unable to stat
[Wed Oct 02 23:43:21.573787 2024] [php:error] [pid 353011:tid 353011] [client 162.158.49.77:40338] script '/var/www/greeniesnowie/rsf.php' not found or unable to stat
[Wed Oct 02 23:43:22.903342 2024] [php:error] [pid 353012:tid 353012] [client 162.158.49.76:26126] script '/var/www/greeniesnowie/assets/wp-login.php' not found or unable to stat
[Wed Oct 02 23:43:24.531604 2024] [php:error] [pid 353012:tid 353012] [client 162.158.49.76:26126] script '/var/www/greeniesnowie/text.php' not found or unable to stat
[Wed Oct 02 23:43:25.625736 2024] [php:error] [pid 353012:tid 353012] [client 162.158.49.76:26126] script '/var/www/greeniesnowie/text.php' not found or unable to stat
[Wed Oct 02 23:43:25.895331 2024] [php:error] [pid 353011:tid 353011] [client 162.158.49.77:40338] script '/var/www/greeniesnowie/avbxfstf.php' not found or unable to stat
[Wed Oct 02 23:43:26.950204 2024] [php:error] [pid 353011:tid 353011] [client 162.158.49.77:40338] script '/var/www/greeniesnowie/gel4y.php' not found or unable to stat
[Wed Oct 02 23:43:27.084334 2024] [php:error] [pid 353012:tid 353012] [client 162.158.49.76:26126] script '/var/www/greeniesnowie/wp-blog.php' not found or unable to stat
[Wed Oct 02 23:43:28.439312 2024] [php:error] [pid 353011:tid 353011] [client 162.158.49.77:40338] script '/var/www/greeniesnowie/avaa.php' not found or unable to stat
[Wed Oct 02 23:43:29.505271 2024] [php:error] [pid 353011:tid 353011] [client 162.158.49.77:40338] script '/var/www/greeniesnowie/bak.php' not found or unable to stat
[Wed Oct 02 23:43:29.636647 2024] [php:error] [pid 353011:tid 353011] [client 162.158.49.77:40338] script '/var/www/greeniesnowie/aks.php' not found or unable to stat
[Wed Oct 02 23:43:30.086952 2024] [php:error] [pid 353012:tid 353012] [client 162.158.49.76:26126] script '/var/www/greeniesnowie/tdgdesr.php' not found or unable to stat
[Wed Oct 02 23:43:31.149818 2024] [php:error] [pid 353011:tid 353011] [client 162.158.49.77:40338] script '/var/www/greeniesnowie/source.php' not found or unable to stat
[Wed Oct 02 23:43:31.288611 2024] [php:error] [pid 353012:tid 353012] [client 162.158.49.76:26126] script '/var/www/greeniesnowie/settings.php' not found or unable to stat
[Wed Oct 02 23:43:32.372038 2024] [php:error] [pid 353012:tid 353012] [client 162.158.49.76:26126] script '/var/www/greeniesnowie/mini.php' not found or unable to stat
[Wed Oct 02 23:43:33.699882 2024] [php:error] [pid 353011:tid 353011] [client 162.158.49.77:40338] script '/var/www/greeniesnowie/yl10gohp.php' not found or unable to stat
[Wed Oct 02 23:43:33.832386 2024] [php:error] [pid 353011:tid 353011] [client 162.158.49.77:40338] script '/var/www/greeniesnowie/makeasmtp.php' not found or unable to stat
[Wed Oct 02 23:43:34.232441 2024] [php:error] [pid 353012:tid 353012] [client 162.158.49.76:26126] script '/var/www/greeniesnowie/bkqmgnts.php' not found or unable to stat
[Wed Oct 02 23:43:35.791523 2024] [php:error] [pid 353012:tid 353012] [client 162.158.49.76:26126] script '/var/www/greeniesnowie/wpup.php' not found or unable to stat
[Wed Oct 02 23:43:36.454888 2024] [php:error] [pid 353012:tid 353012] [client 162.158.49.76:26126] script '/var/www/greeniesnowie/lzmrjmgg.php' not found or unable to stat
[Wed Oct 02 23:43:36.715308 2024] [php:error] [pid 353012:tid 353012] [client 162.158.49.76:26126] script '/var/www/greeniesnowie/luuf.php' not found or unable to stat
[Wed Oct 02 23:43:36.980179 2024] [php:error] [pid 353011:tid 353011] [client 162.158.49.77:40338] script '/var/www/greeniesnowie/admin/wp-fclass.php' not found or unable to stat
[Wed Oct 02 23:43:38.325813 2024] [php:error] [pid 353011:tid 353011] [client 162.158.49.77:40338] script '/var/www/greeniesnowie/pchgflmv.php' not found or unable to stat
[Wed Oct 02 23:43:38.458608 2024] [php:error] [pid 353011:tid 353011] [client 162.158.49.77:40338] script '/var/www/greeniesnowie/readme.php' not found or unable to stat
[Wed Oct 02 23:43:38.593874 2024] [php:error] [pid 353011:tid 353011] [client 162.158.49.77:40338] script '/var/www/greeniesnowie/wp-aa.php' not found or unable to stat
[Wed Oct 02 23:43:40.343552 2024] [php:error] [pid 353012:tid 353012] [client 162.158.49.76:26126] script '/var/www/greeniesnowie/nzwxrdrl.php' not found or unable to stat
[Wed Oct 02 23:43:40.603103 2024] [php:error] [pid 353011:tid 353011] [client 162.158.49.77:40338] script '/var/www/greeniesnowie/autoload_classmap.php' not found or unable to stat
[Wed Oct 02 23:43:40.732787 2024] [php:error] [pid 353012:tid 353012] [client 162.158.49.76:26126] script '/var/www/greeniesnowie/class.php' not found or unable to stat
[Wed Oct 02 23:43:41.125943 2024] [php:error] [pid 353012:tid 353012] [client 162.158.49.76:26126] script '/var/www/greeniesnowie/aa.php' not found or unable to stat
[Wed Oct 02 23:43:43.132954 2024] [php:error] [pid 353011:tid 353011] [client 162.158.49.77:40338] script '/var/www/greeniesnowie/bezzozdp.php' not found or unable to stat
[Wed Oct 02 23:59:58.668656 2024] [php:error] [pid 353055:tid 353055] [client 162.158.6.109:30898] script '/var/www/greeniesnowie/options.php' not found or unable to stat
[Wed Oct 02 23:59:59.525466 2024] [php:error] [pid 353055:tid 353055] [client 162.158.6.109:30898] script '/var/www/greeniesnowie/test.php' not found or unable to stat
[Thu Oct 03 00:00:01.106069 2024] [php:error] [pid 353055:tid 353055] [client 162.158.6.109:30898] script '/var/www/greeniesnowie/wp-links-opml.php' not found or unable to stat
[Thu Oct 03 00:00:01.241637 2024] [php:error] [pid 353055:tid 353055] [client 162.158.6.109:30898] script '/var/www/greeniesnowie/repeater.php' not found or unable to stat
[Thu Oct 03 00:00:01.394610 2024] [php:error] [pid 353055:tid 353055] [client 162.158.6.109:30898] script '/var/www/greeniesnowie/sidwsi.php' not found or unable to stat
[Thu Oct 03 00:00:01.666529 2024] [php:error] [pid 353055:tid 353055] [client 162.158.6.109:30898] script '/var/www/greeniesnowie/mah.php' not found or unable to stat
[Thu Oct 03 00:00:01.796304 2024] [php:error] [pid 353055:tid 353055] [client 162.158.6.109:30898] script '/var/www/greeniesnowie/wp-mail.php' not found or unable to stat
[Thu Oct 03 00:00:01.931457 2024] [php:error] [pid 353051:tid 353051] [client 162.158.6.108:24612] script '/var/www/greeniesnowie/ini.php' not found or unable to stat
[Thu Oct 03 00:00:03.437481 2024] [php:error] [pid 353051:tid 353051] [client 162.158.6.108:24612] script '/var/www/greeniesnowie/defense.php' not found or unable to stat
[Thu Oct 03 00:00:03.567599 2024] [php:error] [pid 353055:tid 353055] [client 162.158.6.109:30898] script '/var/www/greeniesnowie/profile.php' not found or unable to stat
[Thu Oct 03 00:00:04.319282 2024] [php:error] [pid 353055:tid 353055] [client 162.158.6.109:30898] script '/var/www/greeniesnowie/tools.php' not found or unable to stat
[Thu Oct 03 00:00:04.587323 2024] [php:error] [pid 353055:tid 353055] [client 162.158.6.109:30898] script '/var/www/greeniesnowie/moon.php' not found or unable to stat
[Thu Oct 03 00:00:05.158368 2024] [php:error] [pid 353051:tid 353051] [client 162.158.6.108:24612] script '/var/www/greeniesnowie/bak.php' not found or unable to stat
[Thu Oct 03 00:00:05.687372 2024] [php:error] [pid 353051:tid 353051] [client 162.158.6.108:24612] script '/var/www/greeniesnowie/asus.php' not found or unable to stat
[Thu Oct 03 00:00:06.339440 2024] [php:error] [pid 353051:tid 353051] [client 162.158.6.108:24612] script '/var/www/greeniesnowie/lock.php' not found or unable to stat
[Thu Oct 03 00:00:06.471378 2024] [php:error] [pid 353055:tid 353055] [client 162.158.6.109:30898] script '/var/www/greeniesnowie/add_class.php' not found or unable to stat
[Thu Oct 03 00:00:06.597437 2024] [php:error] [pid 353055:tid 353055] [client 162.158.6.109:30898] script '/var/www/greeniesnowie/inputs.php' not found or unable to stat
[Thu Oct 03 00:00:06.725469 2024] [php:error] [pid 353051:tid 353051] [client 162.158.6.108:24612] script '/var/www/greeniesnowie/contact.php' not found or unable to stat
[Thu Oct 03 00:00:06.851651 2024] [php:error] [pid 353055:tid 353055] [client 162.158.6.109:30898] script '/var/www/greeniesnowie/wp-links.php' not found or unable to stat
[Thu Oct 03 00:00:06.990052 2024] [php:error] [pid 353051:tid 353051] [client 162.158.6.108:24612] script '/var/www/greeniesnowie/wp-header.php' not found or unable to stat
[Thu Oct 03 00:00:07.514303 2024] [php:error] [pid 353051:tid 353051] [client 162.158.6.108:24612] script '/var/www/greeniesnowie/wp-conflg.php' not found or unable to stat
[Thu Oct 03 00:00:07.644007 2024] [php:error] [pid 353051:tid 353051] [client 162.158.6.108:24612] script '/var/www/greeniesnowie/file.php' not found or unable to stat
[Thu Oct 03 00:00:08.305088 2024] [php:error] [pid 353051:tid 353051] [client 162.158.6.108:24612] script '/var/www/greeniesnowie/uploader.php' not found or unable to stat
[Thu Oct 03 00:00:08.689808 2024] [php:error] [pid 353051:tid 353051] [client 162.158.6.108:24612] script '/var/www/greeniesnowie/byp.php' not found or unable to stat
[Thu Oct 03 00:00:08.842204 2024] [php:error] [pid 353055:tid 353055] [client 162.158.6.109:30898] script '/var/www/greeniesnowie/about.php' not found or unable to stat
[Thu Oct 03 00:00:08.972423 2024] [php:error] [pid 353055:tid 353055] [client 162.158.6.109:30898] script '/var/www/greeniesnowie/style.php' not found or unable to stat
[Thu Oct 03 00:00:09.100791 2024] [php:error] [pid 353051:tid 353051] [client 162.158.6.108:24612] script '/var/www/greeniesnowie/images.php' not found or unable to stat
[Thu Oct 03 00:00:10.516841 2024] [php:error] [pid 353055:tid 353055] [client 162.158.6.109:30898] script '/var/www/greeniesnowie/readme.php' not found or unable to stat
[Thu Oct 03 00:00:10.649105 2024] [php:error] [pid 353055:tid 353055] [client 162.158.6.109:30898] script '/var/www/greeniesnowie/wp-login.php' not found or unable to stat
[Thu Oct 03 00:00:10.916484 2024] [php:error] [pid 353051:tid 353051] [client 162.158.6.108:24612] script '/var/www/greeniesnowie/aks.php' not found or unable to stat
[Thu Oct 03 00:00:11.047041 2024] [php:error] [pid 353051:tid 353051] [client 162.158.6.108:24612] script '/var/www/greeniesnowie/13.php' not found or unable to stat
[Thu Oct 03 00:00:11.604859 2024] [php:error] [pid 353051:tid 353051] [client 162.158.6.108:24612] script '/var/www/greeniesnowie/2.php' not found or unable to stat
[Thu Oct 03 00:00:11.996736 2024] [php:error] [pid 353055:tid 353055] [client 162.158.6.109:30898] script '/var/www/greeniesnowie/wp-pano.php' not found or unable to stat
[Thu Oct 03 00:00:12.126186 2024] [php:error] [pid 353051:tid 353051] [client 162.158.6.108:24612] script '/var/www/greeniesnowie/shell20211028.php' not found or unable to stat
[Thu Oct 03 00:00:12.380004 2024] [php:error] [pid 353055:tid 353055] [client 162.158.6.109:30898] script '/var/www/greeniesnowie/radio.php' not found or unable to stat
[Thu Oct 03 00:00:12.519730 2024] [php:error] [pid 353051:tid 353051] [client 162.158.6.108:24612] script '/var/www/greeniesnowie/mini.php' not found or unable to stat
[Thu Oct 03 00:00:13.432294 2024] [php:error] [pid 353051:tid 353051] [client 162.158.6.108:24612] script '/var/www/greeniesnowie/abouts.php' not found or unable to stat
[Thu Oct 03 00:00:13.559565 2024] [php:error] [pid 353051:tid 353051] [client 162.158.6.108:24612] script '/var/www/greeniesnowie/update.php' not found or unable to stat
[Thu Oct 03 00:00:13.686005 2024] [php:error] [pid 353051:tid 353051] [client 162.158.6.108:24612] script '/var/www/greeniesnowie/widgets.php' not found or unable to stat
[Thu Oct 03 00:00:13.812412 2024] [php:error] [pid 353051:tid 353051] [client 162.158.6.108:24612] script '/var/www/greeniesnowie/alfa1.php' not found or unable to stat
[Thu Oct 03 00:00:14.192999 2024] [php:error] [pid 353055:tid 353055] [client 162.158.6.109:30898] script '/var/www/greeniesnowie/default.php' not found or unable to stat
[Thu Oct 03 00:00:14.462364 2024] [php:error] [pid 353051:tid 353051] [client 162.158.6.108:24612] script '/var/www/greeniesnowie/bs1.php' not found or unable to stat
[Thu Oct 03 00:00:14.846407 2024] [php:error] [pid 353051:tid 353051] [client 162.158.6.108:24612] script '/var/www/greeniesnowie/up.php' not found or unable to stat
[Thu Oct 03 00:00:15.102663 2024] [php:error] [pid 353055:tid 353055] [client 162.158.6.109:30898] script '/var/www/greeniesnowie/ova-tools.php' not found or unable to stat
[Thu Oct 03 00:00:15.494637 2024] [php:error] [pid 353055:tid 353055] [client 162.158.6.109:30898] script '/var/www/greeniesnowie/gecko.php' not found or unable to stat
[Thu Oct 03 00:00:16.185914 2024] [php:error] [pid 353055:tid 353055] [client 162.158.6.109:30898] script '/var/www/greeniesnowie/feedback.php' not found or unable to stat
[Thu Oct 03 00:00:16.679427 2024] [php:error] [pid 353051:tid 353051] [client 162.158.6.108:24612] script '/var/www/greeniesnowie/plugins.php' not found or unable to stat
[Thu Oct 03 00:00:17.077544 2024] [php:error] [pid 353055:tid 353055] [client 162.158.6.109:30898] script '/var/www/greeniesnowie/sxx.php' not found or unable to stat
[Thu Oct 03 00:00:17.341331 2024] [php:error] [pid 353051:tid 353051] [client 162.158.6.108:24612] script '/var/www/greeniesnowie/classwithtostring.php' not found or unable to stat
[Thu Oct 03 00:00:17.615196 2024] [php:error] [pid 353051:tid 353051] [client 162.158.6.108:24612] script '/var/www/greeniesnowie/jp.php' not found or unable to stat
[Thu Oct 03 00:00:18.004598 2024] [php:error] [pid 353055:tid 353055] [client 162.158.6.109:30898] script '/var/www/greeniesnowie/thumbs.php' not found or unable to stat
[Thu Oct 03 00:00:18.138924 2024] [php:error] [pid 353055:tid 353055] [client 162.158.6.109:30898] script '/var/www/greeniesnowie/atomlib.php' not found or unable to stat
[Thu Oct 03 00:00:18.265164 2024] [php:error] [pid 353055:tid 353055] [client 162.158.6.109:30898] script '/var/www/greeniesnowie/info.php' not found or unable to stat
[Thu Oct 03 00:00:18.522381 2024] [php:error] [pid 353055:tid 353055] [client 162.158.6.109:30898] script '/var/www/greeniesnowie/wp-signup.php' not found or unable to stat
[Thu Oct 03 00:00:18.901474 2024] [php:error] [pid 353055:tid 353055] [client 162.158.6.109:30898] script '/var/www/greeniesnowie/moon.php' not found or unable to stat
[Thu Oct 03 00:00:19.464191 2024] [php:error] [pid 353055:tid 353055] [client 162.158.6.109:30898] script '/var/www/greeniesnowie/alfa-ioxi.php' not found or unable to stat
[Thu Oct 03 00:00:19.921466 2024] [php:error] [pid 353051:tid 353051] [client 162.158.6.108:24612] script '/var/www/greeniesnowie/file-manager.php' not found or unable to stat
[Thu Oct 03 00:00:20.821059 2024] [php:error] [pid 353051:tid 353051] [client 162.158.6.108:24612] script '/var/www/greeniesnowie/chosen.php' not found or unable to stat
[Thu Oct 03 00:00:21.428050 2024] [php:error] [pid 353051:tid 353051] [client 162.158.6.108:24612] script '/var/www/greeniesnowie/admin.php' not found or unable to stat
[Thu Oct 03 00:00:21.827841 2024] [php:error] [pid 353051:tid 353051] [client 162.158.6.108:24612] script '/var/www/greeniesnowie/dir.php' not found or unable to stat
[Thu Oct 03 00:00:21.954221 2024] [php:error] [pid 353055:tid 353055] [client 162.158.6.109:30898] script '/var/www/greeniesnowie/wsoyanz.php' not found or unable to stat
[Thu Oct 03 00:00:22.081352 2024] [php:error] [pid 353051:tid 353051] [client 162.158.6.108:24612] script '/var/www/greeniesnowie/comdofuns.php' not found or unable to stat
[Thu Oct 03 00:00:22.343315 2024] [php:error] [pid 353055:tid 353055] [client 162.158.6.109:30898] script '/var/www/greeniesnowie/ok.php' not found or unable to stat
[Thu Oct 03 00:00:22.473361 2024] [php:error] [pid 353051:tid 353051] [client 162.158.6.108:24612] script '/var/www/greeniesnowie/worksec.php' not found or unable to stat
[Thu Oct 03 00:00:22.601321 2024] [php:error] [pid 353055:tid 353055] [client 162.158.6.109:30898] script '/var/www/greeniesnowie/lufix.php' not found or unable to stat
[Thu Oct 03 00:00:22.990581 2024] [php:error] [pid 353051:tid 353051] [client 162.158.6.108:24612] script '/var/www/greeniesnowie/filemanager.php' not found or unable to stat
[Thu Oct 03 00:00:23.119154 2024] [php:error] [pid 353055:tid 353055] [client 162.158.6.109:30898] script '/var/www/greeniesnowie/load.php' not found or unable to stat
[Thu Oct 03 00:00:23.645764 2024] [php:error] [pid 353051:tid 353051] [client 162.158.6.108:24612] script '/var/www/greeniesnowie/wp-2019.php' not found or unable to stat
[Thu Oct 03 00:00:23.902837 2024] [php:error] [pid 353055:tid 353055] [client 162.158.6.109:30898] script '/var/www/greeniesnowie/1.php' not found or unable to stat
[Thu Oct 03 00:00:24.720258 2024] [php:error] [pid 353055:tid 353055] [client 162.158.6.109:30898] script '/var/www/greeniesnowie/upload.php' not found or unable to stat
[Thu Oct 03 00:00:25.119866 2024] [php:error] [pid 353055:tid 353055] [client 162.158.6.109:30898] script '/var/www/greeniesnowie/index1.php' not found or unable to stat
[Thu Oct 03 00:00:25.509385 2024] [php:error] [pid 353055:tid 353055] [client 162.158.6.109:30898] script '/var/www/greeniesnowie/xmrlpc.php' not found or unable to stat
[Thu Oct 03 00:00:25.776412 2024] [php:error] [pid 353055:tid 353055] [client 162.158.6.109:30898] script '/var/www/greeniesnowie/footer.php' not found or unable to stat
[Thu Oct 03 00:00:25.915798 2024] [php:error] [pid 353055:tid 353055] [client 162.158.6.109:30898] script '/var/www/greeniesnowie/wp-files.php' not found or unable to stat
[Thu Oct 03 00:00:26.303705 2024] [php:error] [pid 353051:tid 353051] [client 162.158.6.108:24612] script '/var/www/greeniesnowie/form.php' not found or unable to stat
[Thu Oct 03 00:00:26.947125 2024] [php:error] [pid 353055:tid 353055] [client 162.158.6.109:30898] script '/var/www/greeniesnowie/manager.php' not found or unable to stat
[Thu Oct 03 00:00:27.654803 2024] [php:error] [pid 353051:tid 353051] [client 162.158.6.108:24612] script '/var/www/greeniesnowie/wikindex.php' not found or unable to stat
[Thu Oct 03 00:00:28.551559 2024] [php:error] [pid 353011:tid 353011] [client 162.158.6.108:63696] script '/var/www/greeniesnowie/x.php' not found or unable to stat
[Thu Oct 03 00:00:28.678374 2024] [php:error] [pid 353051:tid 353051] [client 162.158.6.108:24612] script '/var/www/greeniesnowie/source.php' not found or unable to stat
[Thu Oct 03 00:00:29.174353 2024] [php:error] [pid 353012:tid 353012] [client 162.158.6.109:17786] script '/var/www/greeniesnowie/liefs.php' not found or unable to stat
[Thu Oct 03 00:00:29.304220 2024] [php:error] [pid 353011:tid 353011] [client 162.158.6.108:63696] script '/var/www/greeniesnowie/bypass.php' not found or unable to stat
[Thu Oct 03 00:00:29.433332 2024] [php:error] [pid 353012:tid 353012] [client 162.158.6.109:17786] script '/var/www/greeniesnowie/map.php' not found or unable to stat
[Thu Oct 03 00:00:29.570920 2024] [php:error] [pid 353011:tid 353011] [client 162.158.6.108:63696] script '/var/www/greeniesnowie/simple.php' not found or unable to stat
[Thu Oct 03 00:00:30.505843 2024] [php:error] [pid 353011:tid 353011] [client 162.158.6.108:63696] script '/var/www/greeniesnowie/configs.php' not found or unable to stat
[Thu Oct 03 00:00:31.033029 2024] [php:error] [pid 353012:tid 353012] [client 162.158.6.109:17786] script '/var/www/greeniesnowie/wp-info.php' not found or unable to stat
[Thu Oct 03 00:00:31.429596 2024] [php:error] [pid 353012:tid 353012] [client 162.158.6.109:17786] script '/var/www/greeniesnowie/dropdown.php' not found or unable to stat
[Thu Oct 03 00:00:32.568913 2024] [php:error] [pid 353011:tid 353011] [client 162.158.6.108:63696] script '/var/www/greeniesnowie/license.php' not found or unable to stat
[Thu Oct 03 00:00:32.706907 2024] [php:error] [pid 353011:tid 353011] [client 162.158.6.108:63696] script '/var/www/greeniesnowie/admin.php' not found or unable to stat
[Thu Oct 03 00:00:32.976938 2024] [php:error] [pid 353011:tid 353011] [client 162.158.6.108:63696] script '/var/www/greeniesnowie/as.php' not found or unable to stat
[Thu Oct 03 00:00:33.112419 2024] [php:error] [pid 353011:tid 353011] [client 162.158.6.108:63696] script '/var/www/greeniesnowie/nav-menus.php' not found or unable to stat
[Thu Oct 03 00:00:33.241131 2024] [php:error] [pid 353011:tid 353011] [client 162.158.6.108:63696] script '/var/www/greeniesnowie/doc.php' not found or unable to stat
[Thu Oct 03 00:00:33.374243 2024] [php:error] [pid 353012:tid 353012] [client 162.158.6.109:17786] script '/var/www/greeniesnowie/wp-trackback.php' not found or unable to stat
[Thu Oct 03 00:00:33.501027 2024] [php:error] [pid 353012:tid 353012] [client 162.158.6.109:17786] script '/var/www/greeniesnowie/wp-load.php' not found or unable to stat
[Thu Oct 03 00:00:33.890677 2024] [php:error] [pid 353011:tid 353011] [client 162.158.6.108:63696] script '/var/www/greeniesnowie/cache.php' not found or unable to stat
[Thu Oct 03 00:00:34.565881 2024] [php:error] [pid 353011:tid 353011] [client 162.158.6.108:63696] script '/var/www/greeniesnowie/shell.php' not found or unable to stat
[Thu Oct 03 00:00:34.696533 2024] [php:error] [pid 353012:tid 353012] [client 162.158.6.109:17786] script '/var/www/greeniesnowie/0x.php' not found or unable to stat
[Thu Oct 03 00:00:34.831798 2024] [php:error] [pid 353012:tid 353012] [client 162.158.6.109:17786] script '/var/www/greeniesnowie/wp.php' not found or unable to stat
[Thu Oct 03 00:00:35.375455 2024] [php:error] [pid 353012:tid 353012] [client 162.158.6.109:17786] script '/var/www/greeniesnowie/database.php' not found or unable to stat
[Thu Oct 03 00:00:35.508589 2024] [php:error] [pid 353012:tid 353012] [client 162.158.6.109:17786] script '/var/www/greeniesnowie/goat1.php' not found or unable to stat
[Thu Oct 03 00:00:35.647255 2024] [php:error] [pid 353011:tid 353011] [client 162.158.6.108:63696] script '/var/www/greeniesnowie/autoload_classmap.php' not found or unable to stat
[Thu Oct 03 00:00:35.779678 2024] [php:error] [pid 353011:tid 353011] [client 162.158.6.108:63696] script '/var/www/greeniesnowie/makeasmtp.php' not found or unable to stat
[Thu Oct 03 00:00:36.427683 2024] [php:error] [pid 353012:tid 353012] [client 162.158.6.109:17786] script '/var/www/greeniesnowie/db.php' not found or unable to stat
[Thu Oct 03 00:00:36.556612 2024] [php:error] [pid 353012:tid 353012] [client 162.158.6.109:17786] script '/var/www/greeniesnowie/index_.php' not found or unable to stat
[Thu Oct 03 00:00:37.078766 2024] [php:error] [pid 353011:tid 353011] [client 162.158.6.108:63696] script '/var/www/greeniesnowie/post.php' not found or unable to stat
[Thu Oct 03 00:00:37.336548 2024] [php:error] [pid 353012:tid 353012] [client 162.158.6.109:17786] script '/var/www/greeniesnowie/engine.php' not found or unable to stat
[Thu Oct 03 00:00:37.469946 2024] [php:error] [pid 353011:tid 353011] [client 162.158.6.108:63696] script '/var/www/greeniesnowie/alfanew.php' not found or unable to stat
[Thu Oct 03 00:00:37.734088 2024] [php:error] [pid 353012:tid 353012] [client 162.158.6.109:17786] script '/var/www/greeniesnowie/class.php' not found or unable to stat
[Thu Oct 03 00:00:38.408933 2024] [php:error] [pid 353011:tid 353011] [client 162.158.6.108:63696] script '/var/www/greeniesnowie/adminer.php' not found or unable to stat
[Thu Oct 03 00:00:38.680373 2024] [php:error] [pid 353011:tid 353011] [client 162.158.6.108:63696] script '/var/www/greeniesnowie/system.php' not found or unable to stat
[Thu Oct 03 00:00:38.814967 2024] [php:error] [pid 353012:tid 353012] [client 162.158.6.109:17786] script '/var/www/greeniesnowie/m.php' not found or unable to stat
[Thu Oct 03 00:00:39.750526 2024] [php:error] [pid 353012:tid 353012] [client 162.158.6.109:17786] script '/var/www/greeniesnowie/xp.php' not found or unable to stat
[Thu Oct 03 00:00:40.540872 2024] [php:error] [pid 353011:tid 353011] [client 162.158.6.108:63696] script '/var/www/greeniesnowie/vv.php' not found or unable to stat
[Thu Oct 03 00:00:40.669193 2024] [php:error] [pid 353011:tid 353011] [client 162.158.6.108:63696] script '/var/www/greeniesnowie/upfile.php' not found or unable to stat
[Thu Oct 03 00:00:40.802694 2024] [php:error] [pid 353012:tid 353012] [client 162.158.6.109:17786] script '/var/www/greeniesnowie/wp-configs.php' not found or unable to stat
[Thu Oct 03 00:00:40.928786 2024] [php:error] [pid 353012:tid 353012] [client 162.158.6.109:17786] script '/var/www/greeniesnowie/content.php' not found or unable to stat
[Thu Oct 03 00:00:41.067512 2024] [php:error] [pid 353012:tid 353012] [client 162.158.6.109:17786] script '/var/www/greeniesnowie/randkeyword.php' not found or unable to stat
[Thu Oct 03 00:00:41.601817 2024] [php:error] [pid 353011:tid 353011] [client 162.158.6.108:63696] script '/var/www/greeniesnowie/wp-activate.php' not found or unable to stat
[Thu Oct 03 00:00:42.240576 2024] [php:error] [pid 353011:tid 353011] [client 162.158.6.108:63696] script '/var/www/greeniesnowie/tiny.php' not found or unable to stat
[Thu Oct 03 00:00:42.494562 2024] [php:error] [pid 353012:tid 353012] [client 162.158.6.109:17786] script '/var/www/greeniesnowie/ty.php' not found or unable to stat
[Thu Oct 03 00:00:42.624961 2024] [php:error] [pid 353012:tid 353012] [client 162.158.6.109:17786] script '/var/www/greeniesnowie/class-bulk-skin.php' not found or unable to stat
[Thu Oct 03 00:00:42.778646 2024] [php:error] [pid 353011:tid 353011] [client 162.158.6.108:63696] script '/var/www/greeniesnowie/item.php' not found or unable to stat
[Thu Oct 03 00:00:42.906541 2024] [php:error] [pid 353012:tid 353012] [client 162.158.6.109:17786] script '/var/www/greeniesnowie/tinyfilemanager.php' not found or unable to stat
[Thu Oct 03 00:00:43.172695 2024] [php:error] [pid 353011:tid 353011] [client 162.158.6.108:63696] script '/var/www/greeniesnowie/dirs.php' not found or unable to stat
[Thu Oct 03 00:00:43.307087 2024] [php:error] [pid 353011:tid 353011] [client 162.158.6.108:63696] script '/var/www/greeniesnowie/themes.php' not found or unable to stat
[Thu Oct 03 00:00:43.702151 2024] [php:error] [pid 353012:tid 353012] [client 162.158.6.109:17786] script '/var/www/greeniesnowie/cong.php' not found or unable to stat
[Thu Oct 03 00:00:43.842097 2024] [php:error] [pid 353011:tid 353011] [client 162.158.6.108:63696] script '/var/www/greeniesnowie/wp-config-sample.php' not found or unable to stat
[Thu Oct 03 00:00:43.970879 2024] [php:error] [pid 353012:tid 353012] [client 162.158.6.109:17786] script '/var/www/greeniesnowie/home.php' not found or unable to stat
[Thu Oct 03 00:00:44.744229 2024] [php:error] [pid 353011:tid 353011] [client 162.158.6.108:63696] script '/var/www/greeniesnowie/max.php' not found or unable to stat
[Thu Oct 03 00:00:44.874657 2024] [php:error] [pid 353012:tid 353012] [client 162.158.6.109:17786] script '/var/www/greeniesnowie/wp-atom.php' not found or unable to stat
[Thu Oct 03 00:00:45.006060 2024] [php:error] [pid 353011:tid 353011] [client 162.158.6.108:63696] script '/var/www/greeniesnowie/wp.php' not found or unable to stat
[Thu Oct 03 00:00:45.269265 2024] [php:error] [pid 353012:tid 353012] [client 162.158.6.109:17786] script '/var/www/greeniesnowie/edit-tags.php' not found or unable to stat
[Thu Oct 03 00:00:45.662593 2024] [php:error] [pid 353011:tid 353011] [client 162.158.6.108:63696] script '/var/www/greeniesnowie/wp-logout.php' not found or unable to stat
[Thu Oct 03 00:00:45.924586 2024] [php:error] [pid 353012:tid 353012] [client 162.158.6.109:17786] script '/var/www/greeniesnowie/media.php' not found or unable to stat
[Thu Oct 03 00:00:46.184517 2024] [php:error] [pid 353011:tid 353011] [client 162.158.6.108:63696] script '/var/www/greeniesnowie/wp-signup.php' not found or unable to stat
[Thu Oct 03 00:00:46.720009 2024] [php:error] [pid 353011:tid 353011] [client 162.158.6.108:63696] script '/var/www/greeniesnowie/link.php' not found or unable to stat
[Thu Oct 03 00:00:47.116059 2024] [php:error] [pid 353012:tid 353012] [client 162.158.6.109:17786] script '/var/www/greeniesnowie/app.php' not found or unable to stat
[Thu Oct 03 00:00:47.246673 2024] [php:error] [pid 353011:tid 353011] [client 162.158.6.108:63696] script '/var/www/greeniesnowie/login.php' not found or unable to stat
[Thu Oct 03 00:00:47.505629 2024] [php:error] [pid 353011:tid 353011] [client 162.158.6.108:63696] script '/var/www/greeniesnowie/wp-cron.php' not found or unable to stat
[Thu Oct 03 00:00:47.770175 2024] [php:error] [pid 353011:tid 353011] [client 162.158.6.108:63696] script '/var/www/greeniesnowie/css.php' not found or unable to stat
[Thu Oct 03 00:00:48.028987 2024] [php:error] [pid 353011:tid 353011] [client 162.158.6.108:63696] script '/var/www/greeniesnowie/f.php' not found or unable to stat
[Thu Oct 03 00:00:48.291661 2024] [php:error] [pid 353011:tid 353011] [client 162.158.6.108:63696] script '/var/www/greeniesnowie/priv.php' not found or unable to stat
[Thu Oct 03 00:00:48.694702 2024] [php:error] [pid 353012:tid 353012] [client 162.158.6.109:17786] script '/var/www/greeniesnowie/text.php' not found or unable to stat
[Thu Oct 03 00:00:49.096100 2024] [php:error] [pid 353012:tid 353012] [client 162.158.6.109:17786] script '/var/www/greeniesnowie/edit.php' not found or unable to stat
[Thu Oct 03 00:00:49.227917 2024] [php:error] [pid 353011:tid 353011] [client 162.158.6.108:63696] script '/var/www/greeniesnowie/install.php' not found or unable to stat
[Thu Oct 03 00:00:50.031064 2024] [php:error] [pid 353011:tid 353011] [client 162.158.6.108:63696] script '/var/www/greeniesnowie/packed.php' not found or unable to stat
[Thu Oct 03 00:00:50.289725 2024] [php:error] [pid 353012:tid 353012] [client 162.158.6.109:17786] script '/var/www/greeniesnowie/mail.php' not found or unable to stat
[Thu Oct 03 00:00:50.673168 2024] [php:error] [pid 353012:tid 353012] [client 162.158.6.109:17786] script '/var/www/greeniesnowie/function.php' not found or unable to stat
[Thu Oct 03 00:00:50.939869 2024] [php:error] [pid 353012:tid 353012] [client 162.158.6.109:17786] script '/var/www/greeniesnowie/wp-cache.php' not found or unable to stat
[Thu Oct 03 00:00:51.072354 2024] [php:error] [pid 353012:tid 353012] [client 162.158.6.109:17786] script '/var/www/greeniesnowie/yanz.php' not found or unable to stat
[Thu Oct 03 00:00:51.202842 2024] [php:error] [pid 353012:tid 353012] [client 162.158.6.109:17786] script '/var/www/greeniesnowie/fm.php' not found or unable to stat
[Thu Oct 03 00:00:51.337018 2024] [php:error] [pid 353012:tid 353012] [client 162.158.6.109:17786] script '/var/www/greeniesnowie/payment.php' not found or unable to stat
[Thu Oct 03 00:00:51.465818 2024] [php:error] [pid 353011:tid 353011] [client 162.158.6.108:63696] script '/var/www/greeniesnowie/log.php' not found or unable to stat
[Thu Oct 03 00:21:44.308417 2024] [php:error] [pid 356262:tid 356262] [client 162.158.38.229:58212] script '/var/www/greeniesnowie/assets/api.php' not found or unable to stat
[Thu Oct 03 00:21:44.436635 2024] [php:error] [pid 356262:tid 356262] [client 162.158.38.229:58212] script '/var/www/greeniesnowie/wp-2020.php' not found or unable to stat
[Thu Oct 03 00:21:45.118595 2024] [php:error] [pid 356262:tid 356262] [client 162.158.38.229:58212] script '/var/www/greeniesnowie/defaults.php' not found or unable to stat
[Thu Oct 03 00:21:45.371634 2024] [php:error] [pid 353013:tid 353013] [client 162.158.38.229:58208] script '/var/www/greeniesnowie/edit-tags.php' not found or unable to stat
[Thu Oct 03 00:21:47.133707 2024] [php:error] [pid 353013:tid 353013] [client 162.158.38.229:58208] script '/var/www/greeniesnowie/ozb8yz26.php' not found or unable to stat
[Thu Oct 03 00:21:47.258533 2024] [php:error] [pid 356262:tid 356262] [client 162.158.38.229:58212] script '/var/www/greeniesnowie/updates.php' not found or unable to stat
[Thu Oct 03 00:21:47.386324 2024] [php:error] [pid 356262:tid 356262] [client 162.158.38.229:58212] script '/var/www/greeniesnowie/content.php' not found or unable to stat
[Thu Oct 03 00:21:48.662597 2024] [php:error] [pid 356262:tid 356262] [client 162.158.38.229:58212] script '/var/www/greeniesnowie/goods.php' not found or unable to stat
[Thu Oct 03 00:21:48.930306 2024] [php:error] [pid 353013:tid 353013] [client 162.158.38.229:58208] script '/var/www/greeniesnowie/2.php' not found or unable to stat
[Thu Oct 03 00:21:49.600098 2024] [php:error] [pid 356262:tid 356262] [client 162.158.38.229:58212] script '/var/www/greeniesnowie/customize.php' not found or unable to stat
[Thu Oct 03 00:21:49.884060 2024] [php:error] [pid 353013:tid 353013] [client 162.158.38.229:58208] script '/var/www/greeniesnowie/jzulxjaj.php' not found or unable to stat
[Thu Oct 03 00:21:50.134803 2024] [php:error] [pid 353013:tid 353013] [client 162.158.38.229:58208] script '/var/www/greeniesnowie/edit.php' not found or unable to stat
[Thu Oct 03 00:21:50.804196 2024] [php:error] [pid 356262:tid 356262] [client 162.158.38.229:58212] script '/var/www/greeniesnowie/qpglkpgm.php' not found or unable to stat
[Thu Oct 03 00:21:50.935236 2024] [php:error] [pid 353013:tid 353013] [client 162.158.38.229:58208] script '/var/www/greeniesnowie/Njima.php' not found or unable to stat
[Thu Oct 03 00:21:51.465084 2024] [php:error] [pid 353013:tid 353013] [client 162.158.38.229:58208] script '/var/www/greeniesnowie/lock360.php' not found or unable to stat
[Thu Oct 03 00:21:51.755242 2024] [php:error] [pid 353013:tid 353013] [client 162.158.38.229:58208] script '/var/www/greeniesnowie/cmmhmaqh.php' not found or unable to stat
[Thu Oct 03 00:21:53.965572 2024] [php:error] [pid 356262:tid 356262] [client 162.158.38.229:58212] script '/var/www/greeniesnowie/rzhfy.php' not found or unable to stat
[Thu Oct 03 00:21:54.286913 2024] [php:error] [pid 353013:tid 353013] [client 162.158.38.229:58208] script '/var/www/greeniesnowie/insert_activity_db.php' not found or unable to stat
[Thu Oct 03 00:21:54.811682 2024] [php:error] [pid 356262:tid 356262] [client 162.158.38.229:58212] script '/var/www/greeniesnowie/fnyeltio.php' not found or unable to stat
[Thu Oct 03 00:21:56.619929 2024] [php:error] [pid 353013:tid 353013] [client 162.158.38.229:58208] script '/var/www/greeniesnowie/pip-install.php' not found or unable to stat
[Thu Oct 03 00:21:57.286656 2024] [php:error] [pid 353013:tid 353013] [client 162.158.38.229:58208] script '/var/www/greeniesnowie/txets.php' not found or unable to stat
[Thu Oct 03 00:21:57.931934 2024] [php:error] [pid 353013:tid 353013] [client 162.158.38.229:58208] script '/var/www/greeniesnowie/alfa-rex.php' not found or unable to stat
[Thu Oct 03 00:21:58.449285 2024] [php:error] [pid 353013:tid 353013] [client 162.158.38.229:58208] script '/var/www/greeniesnowie/autoload_classmap.php' not found or unable to stat
[Thu Oct 03 00:21:58.582797 2024] [php:error] [pid 353013:tid 353013] [client 162.158.38.229:58208] script '/var/www/greeniesnowie/es.php' not found or unable to stat
[Thu Oct 03 00:21:59.106703 2024] [php:error] [pid 353013:tid 353013] [client 162.158.38.229:58208] script '/var/www/greeniesnowie/wp-scripts.php' not found or unable to stat
[Thu Oct 03 00:21:59.385346 2024] [php:error] [pid 353013:tid 353013] [client 162.158.38.229:58208] script '/var/www/greeniesnowie/upfile.php' not found or unable to stat
[Thu Oct 03 00:22:00.146408 2024] [php:error] [pid 353013:tid 353013] [client 162.158.38.229:58208] script '/var/www/greeniesnowie/gser.php' not found or unable to stat
[Thu Oct 03 00:22:01.360148 2024] [php:error] [pid 353013:tid 353013] [client 162.158.38.229:58208] script '/var/www/greeniesnowie/abouts.php' not found or unable to stat
[Thu Oct 03 00:22:01.797126 2024] [php:error] [pid 353013:tid 353013] [client 162.158.38.229:58208] script '/var/www/greeniesnowie/indosec.php' not found or unable to stat
[Thu Oct 03 00:22:01.947282 2024] [php:error] [pid 353013:tid 353013] [client 162.158.38.229:58208] script '/var/www/greeniesnowie/c.php' not found or unable to stat
[Thu Oct 03 00:22:02.073226 2024] [php:error] [pid 353013:tid 353013] [client 162.158.38.229:58208] script '/var/www/greeniesnowie/db.php' not found or unable to stat
[Thu Oct 03 00:22:02.336358 2024] [php:error] [pid 356262:tid 356262] [client 162.158.38.229:58212] script '/var/www/greeniesnowie/bala.php' not found or unable to stat
[Thu Oct 03 00:22:03.866536 2024] [php:error] [pid 356262:tid 356262] [client 162.158.38.229:58212] script '/var/www/greeniesnowie/ms-upgrade-network.php' not found or unable to stat
[Thu Oct 03 00:22:05.087879 2024] [php:error] [pid 353013:tid 353013] [client 162.158.38.229:58208] script '/var/www/greeniesnowie/wp-head.php' not found or unable to stat
[Thu Oct 03 00:22:05.735449 2024] [php:error] [pid 356262:tid 356262] [client 162.158.38.229:58212] script '/var/www/greeniesnowie/ficmdwty.php' not found or unable to stat
[Thu Oct 03 00:22:06.537135 2024] [php:error] [pid 353013:tid 353013] [client 162.158.38.229:58208] script '/var/www/greeniesnowie/phpmailer.lang-sv.php' not found or unable to stat
[Thu Oct 03 00:22:06.670143 2024] [php:error] [pid 356262:tid 356262] [client 162.158.38.229:58212] script '/var/www/greeniesnowie/bs.php' not found or unable to stat
[Thu Oct 03 00:22:08.129888 2024] [php:error] [pid 356262:tid 356262] [client 162.158.38.229:58212] script '/var/www/greeniesnowie/uxquidwa.php' not found or unable to stat
